Archive member included to satisfy reference by file (symbol)

c:/program files/microchip/xc32/v4.50/bin/bin/../../lib/gcc/pic32c/8.3.1/../../../../pic32c/lib/thumb/v7e-m+fp/hard\libpic32c.a(data_init.o)
                              build/sam_e51_cnano/debug/_ext/570918426/startup_xc32.o (__pic32c_data_initialization)
c:/program files/microchip/xc32/v4.50/bin/bin/../../lib/gcc/pic32c/8.3.1/../../../../pic32c/lib/thumb/v7e-m+fp/hard\libc-size-musl.a(memcpy.o)
                              build/sam_e51_cnano/debug/_ext/226030394/plib_nvmctrl.o (memcpy)
c:/program files/microchip/xc32/v4.50/bin/bin/../../lib/gcc/pic32c/8.3.1/../../../../pic32c/lib/thumb/v7e-m+fp/hard\libc-size-musl.a(strlen.o)
                              build/sam_e51_cnano/debug/_ext/1360937237/main.o (strlen)
c:/program files/microchip/xc32/v4.50/bin/bin/../../lib/gcc/pic32c/8.3.1/../../../../pic32c/lib/thumb/v7e-m+fp/hard\libg-musl.a(__libc_start_main.o)
                              build/sam_e51_cnano/debug/_ext/570918426/startup_xc32.o (__libc_init_array)
c:/program files/microchip/xc32/v4.50/bin/bin/../../lib/gcc/pic32c/8.3.1/../../../../pic32c/lib/thumb/v7e-m+fp/hard\libg-musl.a(libc.o)
                              c:/program files/microchip/xc32/v4.50/bin/bin/../../lib/gcc/pic32c/8.3.1/../../../../pic32c/lib/thumb/v7e-m+fp/hard\libg-musl.a(__libc_start_main.o) (__progname_full)
c:/program files/microchip/xc32/v4.50/bin/bin/../../lib/gcc/pic32c/8.3.1/../../../../pic32c/lib/thumb/v7e-m+fp/hard\libg-musl.a(__sio_snprintf_cdnpsuxX.o)
                              (_snprintf_cdnpsuxX)
c:/program files/microchip/xc32/v4.50/bin/bin/../../lib/gcc/pic32c/8.3.1/../../../../pic32c/lib/thumb/v7e-m+fp/hard\libg-musl.a(__fmt_d.o)
                              c:/program files/microchip/xc32/v4.50/bin/bin/../../lib/gcc/pic32c/8.3.1/../../../../pic32c/lib/thumb/v7e-m+fp/hard\libg-musl.a(__sio_snprintf_cdnpsuxX.o) (__fmt_d_needed)
c:/program files/microchip/xc32/v4.50/bin/bin/../../lib/gcc/pic32c/8.3.1/../../../../pic32c/lib/thumb/v7e-m+fp/hard\libg-musl.a(__fmt_s.o)
                              c:/program files/microchip/xc32/v4.50/bin/bin/../../lib/gcc/pic32c/8.3.1/../../../../pic32c/lib/thumb/v7e-m+fp/hard\libg-musl.a(__sio_snprintf_cdnpsuxX.o) (__fmt_s_needed)
c:/program files/microchip/xc32/v4.50/bin/bin/../../lib/gcc/pic32c/8.3.1/../../../../pic32c/lib/thumb/v7e-m+fp/hard\libg-musl.a(__fmt_u.o)
                              c:/program files/microchip/xc32/v4.50/bin/bin/../../lib/gcc/pic32c/8.3.1/../../../../pic32c/lib/thumb/v7e-m+fp/hard\libg-musl.a(__sio_snprintf_cdnpsuxX.o) (__fmt_u_needed)
c:/program files/microchip/xc32/v4.50/bin/bin/../../lib/gcc/pic32c/8.3.1/../../../../pic32c/lib/thumb/v7e-m+fp/hard\libg-musl.a(__fmt_x.o)
                              c:/program files/microchip/xc32/v4.50/bin/bin/../../lib/gcc/pic32c/8.3.1/../../../../pic32c/lib/thumb/v7e-m+fp/hard\libg-musl.a(__sio_snprintf_cdnpsuxX.o) (__fmt_x_needed)
c:/program files/microchip/xc32/v4.50/bin/bin/../../lib/gcc/pic32c/8.3.1/../../../../pic32c/lib/thumb/v7e-m+fp/hard\libg-musl.a(__pop_int.o)
                              c:/program files/microchip/xc32/v4.50/bin/bin/../../lib/gcc/pic32c/8.3.1/../../../../pic32c/lib/thumb/v7e-m+fp/hard\libg-musl.a(__sio_snprintf_cdnpsuxX.o) (__pop_int_needed)
c:/program files/microchip/xc32/v4.50/bin/bin/../../lib/gcc/pic32c/8.3.1/../../../../pic32c/lib/thumb/v7e-m+fp/hard\libg-musl.a(__pop_ptr.o)
                              c:/program files/microchip/xc32/v4.50/bin/bin/../../lib/gcc/pic32c/8.3.1/../../../../pic32c/lib/thumb/v7e-m+fp/hard\libg-musl.a(__sio_snprintf_cdnpsuxX.o) (__pop_ptr_needed)
c:/program files/microchip/xc32/v4.50/bin/bin/../../lib/gcc/pic32c/8.3.1/../../../../pic32c/lib/thumb/v7e-m+fp/hard\libg-musl.a(__printf_core.o)
                              c:/program files/microchip/xc32/v4.50/bin/bin/../../lib/gcc/pic32c/8.3.1/../../../../pic32c/lib/thumb/v7e-m+fp/hard\libg-musl.a(__fmt_d.o) (__pad)
c:/program files/microchip/xc32/v4.50/bin/bin/../../lib/gcc/pic32c/8.3.1/../../../../pic32c/lib/thumb/v7e-m+fp/hard\libg-musl.a(atoi.o)
                              c:/program files/microchip/xc32/v4.50/bin/bin/../../lib/gcc/pic32c/8.3.1/../../../../pic32c/lib/thumb/v7e-m+fp/hard\libg-musl.a(__printf_core.o) (atoi)
c:/program files/microchip/xc32/v4.50/bin/bin/../../lib/gcc/pic32c/8.3.1/../../../../pic32c/lib/thumb/v7e-m+fp/hard\libg-musl.a(tolower.o)
                              c:/program files/microchip/xc32/v4.50/bin/bin/../../lib/gcc/pic32c/8.3.1/../../../../pic32c/lib/thumb/v7e-m+fp/hard\libg-musl.a(__printf_core.o) (tolower)
c:/program files/microchip/xc32/v4.50/bin/bin/../../lib/gcc/pic32c/8.3.1/../../../../pic32c/lib/thumb/v7e-m+fp/hard\libg-musl.a(toupper.o)
                              c:/program files/microchip/xc32/v4.50/bin/bin/../../lib/gcc/pic32c/8.3.1/../../../../pic32c/lib/thumb/v7e-m+fp/hard\libg-musl.a(__fmt_x.o) (toupper)
[...]
Memory Configuration

Name             Origin             Length             Attributes
rom              0x0000000000000000 0x0000000000100000 xrl
ram              0x0000000020000000 0x0000000000040000 xw !r
tcm              0x0000000003000000 0x0000000000000000 xw
config_00804000  0x0000000000804000 0x0000000000000004
config_00804008  0x0000000000804008 0x0000000000000004
config_00804004  0x0000000000804004 0x0000000000000004
*default*        0x0000000000000000 0xffffffffffffffff

Linker script and memory map

LOAD c:/program files/microchip/xc32/v4.50/bin/bin/../../lib/gcc/pic32c/8.3.1/thumb/v7e-m+fp/hard/crti.o
LOAD c:/program files/microchip/xc32/v4.50/bin/bin/../../lib/gcc/pic32c/8.3.1/thumb/v7e-m+fp/hard/crtbegin.o
LOAD build/sam_e51_cnano/debug/_ext/7187140/plib_clock.o
LOAD build/sam_e51_cnano/debug/_ext/831051564/plib_cmcc.o
LOAD build/sam_e51_cnano/debug/_ext/831021835/plib_dmac.o
LOAD build/sam_e51_cnano/debug/_ext/1220119669/plib_eic.o
LOAD build/sam_e51_cnano/debug/_ext/9336626/plib_evsys.o
LOAD build/sam_e51_cnano/debug/_ext/830715028/plib_nvic.o
LOAD build/sam_e51_cnano/debug/_ext/226030394/plib_nvmctrl.o
LOAD build/sam_e51_cnano/debug/_ext/830661877/plib_port.o
LOAD build/sam_e51_cnano/debug/_ext/1220132503/plib_rtc_timer.o
LOAD build/sam_e51_cnano/debug/_ext/314480351/plib_sercom5_usart.o
LOAD build/sam_e51_cnano/debug/_ext/865175840/xc32_monitor.o
LOAD build/sam_e51_cnano/debug/_ext/570918426/initialization.o
LOAD build/sam_e51_cnano/debug/_ext/570918426/interrupts.o
LOAD build/sam_e51_cnano/debug/_ext/570918426/exceptions.o
LOAD build/sam_e51_cnano/debug/_ext/570918426/startup_xc32.o
LOAD build/sam_e51_cnano/debug/_ext/570918426/libc_syscalls.o
LOAD build/sam_e51_cnano/debug/_ext/1360937237/main.o
LOAD build/sam_e51_cnano/debug/_ext/1360937237/asmFunc.o
                0x0000000000000001                __MPLAB_BUILD = 0x1
                0x0000000000100000                __rom_end = (ORIGIN (rom) + LENGTH (rom))
                0x0000000020040000                __ram_end = (ORIGIN (ram) + LENGTH (ram))

.config_00804000
 *(.config_00804000)

.config_00804008
 *(.config_00804008)

.config_00804004
 *(.config_00804004)

.vectors        0x0000000000000000      0x260
                0x0000000000000000                . = ALIGN (0x4)
                0x0000000000000000                _sfixed = .
 *(.vectors .vectors.* .vectors_default .vectors_default.*)
 .vectors.exception_table
                0x0000000000000000      0x260 build/sam_e51_cnano/debug/_ext/570918426/interrupts.o
                0x0000000000000000                exception_table
 *(.isr_vector)
 *(.reset*)
 *(.after_vectors)

.text           0x0000000000000260       0x20
                0x0000000000000260                . = ALIGN (0x4)
 *(.glue_7t)
 .glue_7t       0x0000000000000260        0x0 linker stubs
 *(.glue_7)
 .glue_7        0x0000000000000260        0x0 linker stubs
 *(.gnu.linkonce.r.*)
 *(.ARM.extab* .gnu.linkonce.armextab.*)
                0x0000000000000260                . = ALIGN (0x4)
 *(.init)
 .init          0x0000000000000260        0x4 c:/program files/microchip/xc32/v4.50/bin/bin/../../lib/gcc/pic32c/8.3.1/thumb/v7e-m+fp/hard/crti.o
                0x0000000000000260                _init
 .init          0x0000000000000264        0x8 c:/program files/microchip/xc32/v4.50/bin/bin/../../lib/gcc/pic32c/8.3.1/thumb/v7e-m+fp/hard/crtn.o
                0x000000000000026c                . = ALIGN (0x4)
                0x000000000000026c                __preinit_array_start = .
 *(.preinit_array)
                0x000000000000026c                __preinit_array_end = .
                0x000000000000026c                . = ALIGN (0x4)
                0x000000000000026c                __init_array_start = .
 *(SORT_BY_NAME(.init_array.*))
 *(.init_array)
 .init_array    0x000000000000026c        0x4 c:/program files/microchip/xc32/v4.50/bin/bin/../../lib/gcc/pic32c/8.3.1/thumb/v7e-m+fp/hard/crtbegin.o
                0x0000000000000270                __init_array_end = .
                0x0000000000000270                . = ALIGN (0x4)
 *crtbegin.o(.ctors)
 *(EXCLUDE_FILE(*crtend.o) .ctors)
 *(SORT_BY_NAME(.ctors.*))
 *crtend.o(.ctors)
                0x0000000000000270                . = ALIGN (0x4)
 *(.fini)
 .fini          0x0000000000000270        0x4 c:/program files/microchip/xc32/v4.50/bin/bin/../../lib/gcc/pic32c/8.3.1/thumb/v7e-m+fp/hard/crti.o
                0x0000000000000270                _fini
 .fini          0x0000000000000274        0x8 c:/program files/microchip/xc32/v4.50/bin/bin/../../lib/gcc/pic32c/8.3.1/thumb/v7e-m+fp/hard/crtn.o
                0x000000000000027c                . = ALIGN (0x4)
                0x000000000000027c                __fini_array_start = .
 *(.fini_array)
 .fini_array    0x000000000000027c        0x4 c:/program files/microchip/xc32/v4.50/bin/bin/../../lib/gcc/pic32c/8.3.1/thumb/v7e-m+fp/hard/crtbegin.o
 *(SORT_BY_NAME(.fini_array.*))
                0x0000000000000280                __fini_array_end = .
 *crtbegin.o(.dtors)
 *(EXCLUDE_FILE(*crtend.o) .dtors)
 *(SORT_BY_NAME(.dtors.*))
 *crtend.o(.dtors)
                0x0000000000000280                . = ALIGN (0x4)
                0x0000000000000280                _efixed = .
                [!provide]                        PROVIDE (__exidx_start = .)

.ARM.exidx      0x0000000000000280        0x8
 *(.ARM.exidx* .gnu.linkonce.armexidx.*)
 .ARM.exidx     0x0000000000000280        0x8 c:/program files/microchip/xc32/v4.50/bin/bin/../../lib/gcc/pic32c/8.3.1/thumb/v7e-m+fp/hard\libgcc.a(_udivmoddi4.o)
                [!provide]                        PROVIDE (__exidx_end = .)
                0x0000000000000288                . = ALIGN (0x4)
                0x0000000000000288                _etext = .

.bss            0x0000000020000000       0x10
                0x0000000020000000                . = ALIGN (0x4)
                0x0000000020000000                __bss_start__ = .
                0x0000000020000000                _sbss = .
                0x0000000020000000                _szero = .
 *(COMMON)
 COMMON         0x0000000020000000       0x10 build/sam_e51_cnano/debug/_ext/831021835/plib_dmac.o
                0x0000000020000000                dmacChannelObj
                0x0000000020000010                . = ALIGN (0x4)
                0x0000000020000010                __bss_end__ = .
                0x0000000020000010                _ebss = .
                0x0000000020000010                _ezero = .
                0x0000000020000010                . = ALIGN (0x4)
                0x0000000020000010                _end = .
                0x000000002003ffff                _ram_end_ = ((ORIGIN (ram) + LENGTH (ram)) - 0x1)
                0x0000000000000001                __ICD2RAM = 0x1
                0x0000000000000001                __MPLAB_DEBUG = 0x1
                0x0000000000000001                __DEBUG = 0x1
                0x0000000000000200                _min_heap_size = 0x200
START GROUP
LOAD c:/program files/microchip/xc32/v4.50/bin/bin/../../lib/gcc/pic32c/8.3.1/../../../../pic32c/lib/thumb/v7e-m+fp/hard\libpic32c.a
LOAD c:/program files/microchip/xc32/v4.50/bin/bin/../../lib/gcc/pic32c/8.3.1/../../../../pic32c/lib/thumb/v7e-m+fp/hard\libc-size-musl.a
LOAD c:/program files/microchip/xc32/v4.50/bin/bin/../../lib/gcc/pic32c/8.3.1/../../../../pic32c/lib/thumb/v7e-m+fp/hard\liblmalloc-musl.a
LOAD c:/program files/microchip/xc32/v4.50/bin/bin/../../lib/gcc/pic32c/8.3.1/../../../../pic32c/lib/thumb/v7e-m+fp/hard\libm-fast-emfloat.a
LOAD c:/program files/microchip/xc32/v4.50/bin/bin/../../lib/gcc/pic32c/8.3.1/../../../../pic32c/lib/thumb/v7e-m+fp/hard\libm-musl.a
LOAD c:/program files/microchip/xc32/v4.50/bin/bin/../../lib/gcc/pic32c/8.3.1/../../../../pic32c/lib/thumb/v7e-m+fp/hard\libg-musl.a
LOAD c:/program files/microchip/xc32/v4.50/bin/bin/../../lib/gcc/pic32c/8.3.1/../../../../pic32c/lib/thumb/v7e-m+fp/hard\libc-musl.a
LOAD c:/program files/microchip/xc32/v4.50/bin/bin/../../lib/gcc/pic32c/8.3.1/../../../../pic32c/lib/thumb/v7e-m+fp/hard\libm-fast-emfloat.a
LOAD c:/program files/microchip/xc32/v4.50/bin/bin/../../lib/gcc/pic32c/8.3.1/../../../../pic32c/lib/thumb/v7e-m+fp/hard\libm-musl.a
LOAD c:/program files/microchip/xc32/v4.50/bin/bin/../../lib/gcc/pic32c/8.3.1/thumb/v7e-m+fp/hard\libgcc.a
END GROUP
LOAD c:/program files/microchip/xc32/v4.50/bin/bin/../../lib/gcc/pic32c/8.3.1/thumb/v7e-m+fp/hard/crtend.o
LOAD c:/program files/microchip/xc32/v4.50/bin/bin/../../lib/gcc/pic32c/8.3.1/thumb/v7e-m+fp/hard/crtn.o
OUTPUT(dist/sam_e51_cnano/debug/Lab-05-starter.X.debug.elf elf32-littlearm)
LOAD data_init
LOAD stack

.ARM.attributes
                0x0000000000000000       0x32
 .ARM.attributes
                0x0000000000000000       0x1e c:/program files/microchip/xc32/v4.50/bin/bin/../../lib/gcc/pic32c/8.3.1/thumb/v7e-m+fp/hard/crti.o
 .ARM.attributes
                0x000000000000001e       0x34 c:/program files/microchip/xc32/v4.50/bin/bin/../../lib/gcc/pic32c/8.3.1/thumb/v7e-m+fp/hard/crtbegin.o
 .ARM.attributes
                0x0000000000000052       0x34 build/sam_e51_cnano/debug/_ext/7187140/plib_clock.o
 .ARM.attributes
                0x0000000000000086       0x34 build/sam_e51_cnano/debug/_ext/831021835/plib_dmac.o
 .ARM.attributes
                0x00000000000000ba       0x34 build/sam_e51_cnano/debug/_ext/1220119669/plib_eic.o
 .ARM.attributes
                0x00000000000000ee       0x34 build/sam_e51_cnano/debug/_ext/9336626/plib_evsys.o
 .ARM.attributes
                0x0000000000000122       0x34 build/sam_e51_cnano/debug/_ext/830715028/plib_nvic.o
 .ARM.attributes
                0x0000000000000156       0x34 build/sam_e51_cnano/debug/_ext/226030394/plib_nvmctrl.o
 .ARM.attributes
                0x000000000000018a       0x34 build/sam_e51_cnano/debug/_ext/830661877/plib_port.o
 .ARM.attributes
                0x00000000000001be       0x34 build/sam_e51_cnano/debug/_ext/1220132503/plib_rtc_timer.o
 .ARM.attributes
                0x00000000000001f2       0x34 build/sam_e51_cnano/debug/_ext/314480351/plib_sercom5_usart.o
 .ARM.attributes
                0x0000000000000226       0x34 build/sam_e51_cnano/debug/_ext/570918426/initialization.o
 .ARM.attributes
                0x000000000000025a       0x34 build/sam_e51_cnano/debug/_ext/570918426/interrupts.o
 .ARM.attributes
                0x000000000000028e       0x34 build/sam_e51_cnano/debug/_ext/570918426/exceptions.o
 .ARM.attributes
                0x00000000000002c2       0x34 build/sam_e51_cnano/debug/_ext/570918426/startup_xc32.o
 .ARM.attributes
                0x00000000000002f6       0x34 build/sam_e51_cnano/debug/_ext/1360937237/main.o
 .ARM.attributes
                0x000000000000032a       0x20 build/sam_e51_cnano/debug/_ext/1360937237/asmFunc.o
 .ARM.attributes
                0x000000000000034a       0x34 c:/program files/microchip/xc32/v4.50/bin/bin/../../lib/gcc/pic32c/8.3.1/../../../../pic32c/lib/thumb/v7e-m+fp/hard\libpic32c.a(data_init.o)
 .ARM.attributes
                0x000000000000037e       0x36 c:/program files/microchip/xc32/v4.50/bin/bin/../../lib/gcc/pic32c/8.3.1/../../../../pic32c/lib/thumb/v7e-m+fp/hard\libc-size-musl.a(memcpy.o)
 .ARM.attributes
                0x00000000000003b4       0x36 c:/program files/microchip/xc32/v4.50/bin/bin/../../lib/gcc/pic32c/8.3.1/../../../../pic32c/lib/thumb/v7e-m+fp/hard\libc-size-musl.a(strlen.o)
 .ARM.attributes
                0x00000000000003ea       0x36 c:/program files/microchip/xc32/v4.50/bin/bin/../../lib/gcc/pic32c/8.3.1/../../../../pic32c/lib/thumb/v7e-m+fp/hard\libg-musl.a(__libc_start_main.o)
 .ARM.attributes
                0x0000000000000420       0x34 c:/program files/microchip/xc32/v4.50/bin/bin/../../lib/gcc/pic32c/8.3.1/../../../../pic32c/lib/thumb/v7e-m+fp/hard\libg-musl.a(libc.o)
 .ARM.attributes
                0x0000000000000454       0x36 c:/program files/microchip/xc32/v4.50/bin/bin/../../lib/gcc/pic32c/8.3.1/../../../../pic32c/lib/thumb/v7e-m+fp/hard\libg-musl.a(__sio_snprintf_cdnpsuxX.o)
 .ARM.attributes
                0x000000000000048a       0x36 c:/program files/microchip/xc32/v4.50/bin/bin/../../lib/gcc/pic32c/8.3.1/../../../../pic32c/lib/thumb/v7e-m+fp/hard\libg-musl.a(__fmt_d.o)
 .ARM.attributes
                0x00000000000004c0       0x36 c:/program files/microchip/xc32/v4.50/bin/bin/../../lib/gcc/pic32c/8.3.1/../../../../pic32c/lib/thumb/v7e-m+fp/hard\libg-musl.a(__fmt_s.o)
 .ARM.attributes
                0x00000000000004f6       0x36 c:/program files/microchip/xc32/v4.50/bin/bin/../../lib/gcc/pic32c/8.3.1/../../../../pic32c/lib/thumb/v7e-m+fp/hard\libg-musl.a(__fmt_u.o)
 .ARM.attributes
                0x000000000000052c       0x36 c:/program files/microchip/xc32/v4.50/bin/bin/../../lib/gcc/pic32c/8.3.1/../../../../pic32c/lib/thumb/v7e-m+fp/hard\libg-musl.a(__fmt_x.o)
 .ARM.attributes
                0x0000000000000562       0x36 c:/program files/microchip/xc32/v4.50/bin/bin/../../lib/gcc/pic32c/8.3.1/../../../../pic32c/lib/thumb/v7e-m+fp/hard\libg-musl.a(__pop_int.o)
 .ARM.attributes
                0x0000000000000598       0x36 c:/program files/microchip/xc32/v4.50/bin/bin/../../lib/gcc/pic32c/8.3.1/../../../../pic32c/lib/thumb/v7e-m+fp/hard\libg-musl.a(__pop_ptr.o)
 .ARM.attributes
                0x00000000000005ce       0x36 c:/program files/microchip/xc32/v4.50/bin/bin/../../lib/gcc/pic32c/8.3.1/../../../../pic32c/lib/thumb/v7e-m+fp/hard\libg-musl.a(__printf_core.o)
 .ARM.attributes
                0x0000000000000604       0x36 c:/program files/microchip/xc32/v4.50/bin/bin/../../lib/gcc/pic32c/8.3.1/../../../../pic32c/lib/thumb/v7e-m+fp/hard\libg-musl.a(atoi.o)
 .ARM.attributes
                0x000000000000063a       0x36 c:/program files/microchip/xc32/v4.50/bin/bin/../../lib/gcc/pic32c/8.3.1/../../../../pic32c/lib/thumb/v7e-m+fp/hard\libg-musl.a(tolower.o)
 .ARM.attributes
                0x0000000000000670       0x36 c:/program files/microchip/xc32/v4.50/bin/bin/../../lib/gcc/pic32c/8.3.1/../../../../pic32c/lib/thumb/v7e-m+fp/hard\libg-musl.a(toupper.o)
 .ARM.attributes
                0x00000000000006a6       0x34 c:/program files/microchip/xc32/v4.50/bin/bin/../../lib/gcc/pic32c/8.3.1/../../../../pic32c/lib/thumb/v7e-m+fp/hard\libg-musl.a(__environ.o)
 .ARM.attributes
                0x00000000000006da       0x34 c:/program files/microchip/xc32/v4.50/bin/bin/../../lib/gcc/pic32c/8.3.1/../../../../pic32c/lib/thumb/v7e-m+fp/hard\libg-musl.a(__errno_location.o)
 .ARM.attributes
                0x000000000000070e       0x36 c:/program files/microchip/xc32/v4.50/bin/bin/../../lib/gcc/pic32c/8.3.1/../../../../pic32c/lib/thumb/v7e-m+fp/hard\libg-musl.a(__int_vsnprintf.o)
 .ARM.attributes
                0x0000000000000744       0x36 c:/program files/microchip/xc32/v4.50/bin/bin/../../lib/gcc/pic32c/8.3.1/../../../../pic32c/lib/thumb/v7e-m+fp/hard\libg-musl.a(__cvt_u.o)
 .ARM.attributes
                0x000000000000077a       0x36 c:/program files/microchip/xc32/v4.50/bin/bin/../../lib/gcc/pic32c/8.3.1/../../../../pic32c/lib/thumb/v7e-m+fp/hard\libg-musl.a(__pop_float.o)
 .ARM.attributes
                0x00000000000007b0       0x36 c:/program files/microchip/xc32/v4.50/bin/bin/../../lib/gcc/pic32c/8.3.1/../../../../pic32c/lib/thumb/v7e-m+fp/hard\libg-musl.a(__int_vfprintf.o)
 .ARM.attributes
                0x00000000000007e6       0x1e c:/program files/microchip/xc32/v4.50/bin/bin/../../lib/gcc/pic32c/8.3.1/thumb/v7e-m+fp/hard\libgcc.a(_aeabi_uldivmod.o)
 .ARM.attributes
                0x0000000000000804       0x34 c:/program files/microchip/xc32/v4.50/bin/bin/../../lib/gcc/pic32c/8.3.1/thumb/v7e-m+fp/hard\libgcc.a(_udivmoddi4.o)
 .ARM.attributes
                0x0000000000000838       0x1e c:/program files/microchip/xc32/v4.50/bin/bin/../../lib/gcc/pic32c/8.3.1/thumb/v7e-m+fp/hard\libgcc.a(_dvmd_tls.o)
 .ARM.attributes
                0x0000000000000856       0x36 c:/program files/microchip/xc32/v4.50/bin/bin/../../lib/gcc/pic32c/8.3.1/../../../../pic32c/lib/thumb/v7e-m+fp/hard\libc-size-musl.a(memset.o)
 .ARM.attributes
                0x000000000000088c       0x1e c:/program files/microchip/xc32/v4.50/bin/bin/../../lib/gcc/pic32c/8.3.1/thumb/v7e-m+fp/hard/crtn.o
 .ARM.attributes
                0x00000000000008aa       0x34 c:/program files/microchip/xc32/v4.50/bin/bin/../../lib/gcc/pic32c/8.3.1/../../../../pic32c/lib/thumb/v7e-m+fp/hard\libpic32c.a(pic32_data_init_clear.o)
 .ARM.attributes
                0x00000000000008de       0x34 c:/program files/microchip/xc32/v4.50/bin/bin/../../lib/gcc/pic32c/8.3.1/../../../../pic32c/lib/thumb/v7e-m+fp/hard\libpic32c.a(pic32_data_init_copy.o)

.comment        0x0000000000000000       0x2b
 .comment       0x0000000000000000       0x2b c:/program files/microchip/xc32/v4.50/bin/bin/../../lib/gcc/pic32c/8.3.1/thumb/v7e-m+fp/hard/crtbegin.o
                                         0x2c (size before relaxing)
 .comment       0x000000000000002b       0x2c build/sam_e51_cnano/debug/_ext/7187140/plib_clock.o
 .comment       0x000000000000002b       0x2c build/sam_e51_cnano/debug/_ext/831021835/plib_dmac.o
 .comment       0x000000000000002b       0x2c build/sam_e51_cnano/debug/_ext/1220119669/plib_eic.o
 .comment       0x000000000000002b       0x2c build/sam_e51_cnano/debug/_ext/9336626/plib_evsys.o
 .comment       0x000000000000002b       0x2c build/sam_e51_cnano/debug/_ext/830715028/plib_nvic.o
 .comment       0x000000000000002b       0x2c build/sam_e51_cnano/debug/_ext/226030394/plib_nvmctrl.o
 .comment       0x000000000000002b       0x2c build/sam_e51_cnano/debug/_ext/830661877/plib_port.o
 .comment       0x000000000000002b       0x2c build/sam_e51_cnano/debug/_ext/1220132503/plib_rtc_timer.o
 .comment       0x000000000000002b       0x2c build/sam_e51_cnano/debug/_ext/314480351/plib_sercom5_usart.o
 .comment       0x000000000000002b       0x2c build/sam_e51_cnano/debug/_ext/570918426/initialization.o
 .comment       0x000000000000002b       0x2c build/sam_e51_cnano/debug/_ext/570918426/interrupts.o
 .comment       0x000000000000002b       0x2c build/sam_e51_cnano/debug/_ext/570918426/exceptions.o
 .comment       0x000000000000002b       0x2c build/sam_e51_cnano/debug/_ext/570918426/startup_xc32.o
 .comment       0x000000000000002b       0x2c build/sam_e51_cnano/debug/_ext/1360937237/main.o
 .comment       0x000000000000002b       0x2c c:/program files/microchip/xc32/v4.50/bin/bin/../../lib/gcc/pic32c/8.3.1/../../../../pic32c/lib/thumb/v7e-m+fp/hard\libpic32c.a(data_init.o)
 .comment       0x000000000000002b       0x2c c:/program files/microchip/xc32/v4.50/bin/bin/../../lib/gcc/pic32c/8.3.1/../../../../pic32c/lib/thumb/v7e-m+fp/hard\libc-size-musl.a(memcpy.o)
 .comment       0x000000000000002b       0x2c c:/program files/microchip/xc32/v4.50/bin/bin/../../lib/gcc/pic32c/8.3.1/../../../../pic32c/lib/thumb/v7e-m+fp/hard\libc-size-musl.a(strlen.o)
 .comment       0x000000000000002b       0x2c c:/program files/microchip/xc32/v4.50/bin/bin/../../lib/gcc/pic32c/8.3.1/../../../../pic32c/lib/thumb/v7e-m+fp/hard\libg-musl.a(__libc_start_main.o)
 .comment       0x000000000000002b       0x2c c:/program files/microchip/xc32/v4.50/bin/bin/../../lib/gcc/pic32c/8.3.1/../../../../pic32c/lib/thumb/v7e-m+fp/hard\libg-musl.a(libc.o)
 .comment       0x000000000000002b       0x2c c:/program files/microchip/xc32/v4.50/bin/bin/../../lib/gcc/pic32c/8.3.1/../../../../pic32c/lib/thumb/v7e-m+fp/hard\libg-musl.a(__sio_snprintf_cdnpsuxX.o)
 .comment       0x000000000000002b       0x2c c:/program files/microchip/xc32/v4.50/bin/bin/../../lib/gcc/pic32c/8.3.1/../../../../pic32c/lib/thumb/v7e-m+fp/hard\libg-musl.a(__fmt_d.o)
 .comment       0x000000000000002b       0x2c c:/program files/microchip/xc32/v4.50/bin/bin/../../lib/gcc/pic32c/8.3.1/../../../../pic32c/lib/thumb/v7e-m+fp/hard\libg-musl.a(__fmt_s.o)
 .comment       0x000000000000002b       0x2c c:/program files/microchip/xc32/v4.50/bin/bin/../../lib/gcc/pic32c/8.3.1/../../../../pic32c/lib/thumb/v7e-m+fp/hard\libg-musl.a(__fmt_u.o)
 .comment       0x000000000000002b       0x2c c:/program files/microchip/xc32/v4.50/bin/bin/../../lib/gcc/pic32c/8.3.1/../../../../pic32c/lib/thumb/v7e-m+fp/hard\libg-musl.a(__fmt_x.o)
 .comment       0x000000000000002b       0x2c c:/program files/microchip/xc32/v4.50/bin/bin/../../lib/gcc/pic32c/8.3.1/../../../../pic32c/lib/thumb/v7e-m+fp/hard\libg-musl.a(__pop_int.o)
 .comment       0x000000000000002b       0x2c c:/program files/microchip/xc32/v4.50/bin/bin/../../lib/gcc/pic32c/8.3.1/../../../../pic32c/lib/thumb/v7e-m+fp/hard\libg-musl.a(__pop_ptr.o)
 .comment       0x000000000000002b       0x2c c:/program files/microchip/xc32/v4.50/bin/bin/../../lib/gcc/pic32c/8.3.1/../../../../pic32c/lib/thumb/v7e-m+fp/hard\libg-musl.a(__printf_core.o)
 .comment       0x000000000000002b       0x2c c:/program files/microchip/xc32/v4.50/bin/bin/../../lib/gcc/pic32c/8.3.1/../../../../pic32c/lib/thumb/v7e-m+fp/hard\libg-musl.a(atoi.o)
 .comment       0x000000000000002b       0x2c c:/program files/microchip/xc32/v4.50/bin/bin/../../lib/gcc/pic32c/8.3.1/../../../../pic32c/lib/thumb/v7e-m+fp/hard\libg-musl.a(tolower.o)
 .comment       0x000000000000002b       0x2c c:/program files/microchip/xc32/v4.50/bin/bin/../../lib/gcc/pic32c/8.3.1/../../../../pic32c/lib/thumb/v7e-m+fp/hard\libg-musl.a(toupper.o)
 .comment       0x000000000000002b       0x2c c:/program files/microchip/xc32/v4.50/bin/bin/../../lib/gcc/pic32c/8.3.1/../../../../pic32c/lib/thumb/v7e-m+fp/hard\libg-musl.a(__environ.o)
 .comment       0x000000000000002b       0x2c c:/program files/microchip/xc32/v4.50/bin/bin/../../lib/gcc/pic32c/8.3.1/../../../../pic32c/lib/thumb/v7e-m+fp/hard\libg-musl.a(__errno_location.o)
 .comment       0x000000000000002b       0x2c c:/program files/microchip/xc32/v4.50/bin/bin/../../lib/gcc/pic32c/8.3.1/../../../../pic32c/lib/thumb/v7e-m+fp/hard\libg-musl.a(__int_vsnprintf.o)
 .comment       0x000000000000002b       0x2c c:/program files/microchip/xc32/v4.50/bin/bin/../../lib/gcc/pic32c/8.3.1/../../../../pic32c/lib/thumb/v7e-m+fp/hard\libg-musl.a(__cvt_u.o)
 .comment       0x000000000000002b       0x2c c:/program files/microchip/xc32/v4.50/bin/bin/../../lib/gcc/pic32c/8.3.1/../../../../pic32c/lib/thumb/v7e-m+fp/hard\libg-musl.a(__pop_float.o)
 .comment       0x000000000000002b       0x2c c:/program files/microchip/xc32/v4.50/bin/bin/../../lib/gcc/pic32c/8.3.1/../../../../pic32c/lib/thumb/v7e-m+fp/hard\libg-musl.a(__int_vfprintf.o)
 .comment       0x000000000000002b       0x2c c:/program files/microchip/xc32/v4.50/bin/bin/../../lib/gcc/pic32c/8.3.1/thumb/v7e-m+fp/hard\libgcc.a(_udivmoddi4.o)
 .comment       0x000000000000002b       0x2c c:/program files/microchip/xc32/v4.50/bin/bin/../../lib/gcc/pic32c/8.3.1/../../../../pic32c/lib/thumb/v7e-m+fp/hard\libc-size-musl.a(memset.o)
 .comment       0x000000000000002b       0x2c c:/program files/microchip/xc32/v4.50/bin/bin/../../lib/gcc/pic32c/8.3.1/../../../../pic32c/lib/thumb/v7e-m+fp/hard\libpic32c.a(pic32_data_init_clear.o)
 .comment       0x000000000000002b       0x2c c:/program files/microchip/xc32/v4.50/bin/bin/../../lib/gcc/pic32c/8.3.1/../../../../pic32c/lib/thumb/v7e-m+fp/hard\libpic32c.a(pic32_data_init_copy.o)

.debug_info     0x0000000000000000     0x99e3
 .debug_info    0x0000000000000000      0x622 build/sam_e51_cnano/debug/_ext/7187140/plib_clock.o
 .debug_info    0x0000000000000622      0xa5a build/sam_e51_cnano/debug/_ext/831021835/plib_dmac.o
 .debug_info    0x000000000000107c      0x36e build/sam_e51_cnano/debug/_ext/1220119669/plib_eic.o
 .debug_info    0x00000000000013ea       0x9c build/sam_e51_cnano/debug/_ext/9336626/plib_evsys.o
 .debug_info    0x0000000000001486      0x976 build/sam_e51_cnano/debug/_ext/830715028/plib_nvic.o
 .debug_info    0x0000000000001dfc      0x6e0 build/sam_e51_cnano/debug/_ext/226030394/plib_nvmctrl.o
 .debug_info    0x00000000000024dc      0x6b4 build/sam_e51_cnano/debug/_ext/830661877/plib_port.o
 .debug_info    0x0000000000002b90      0xa9f build/sam_e51_cnano/debug/_ext/1220132503/plib_rtc_timer.o
 .debug_info    0x000000000000362f      0xd7a build/sam_e51_cnano/debug/_ext/314480351/plib_sercom5_usart.o
 .debug_info    0x00000000000043a9       0xb5 build/sam_e51_cnano/debug/_ext/570918426/initialization.o
 .debug_info    0x000000000000445e      0xa73 build/sam_e51_cnano/debug/_ext/570918426/interrupts.o
 .debug_info    0x0000000000004ed1      0x11c build/sam_e51_cnano/debug/_ext/570918426/exceptions.o
 .debug_info    0x0000000000004fed      0x4f8 build/sam_e51_cnano/debug/_ext/570918426/startup_xc32.o
 .debug_info    0x00000000000054e5      0xfa3 build/sam_e51_cnano/debug/_ext/1360937237/main.o
 .debug_info    0x0000000000006488       0x26 build/sam_e51_cnano/debug/_ext/1360937237/asmFunc.o
 .debug_info    0x00000000000064ae       0x68 c:/program files/microchip/xc32/v4.50/bin/bin/../../lib/gcc/pic32c/8.3.1/../../../../pic32c/lib/thumb/v7e-m+fp/hard\libpic32c.a(data_init.o)
 .debug_info    0x0000000000006516       0xf3 c:/program files/microchip/xc32/v4.50/bin/bin/../../lib/gcc/pic32c/8.3.1/../../../../pic32c/lib/thumb/v7e-m+fp/hard\libc-size-musl.a(memcpy.o)
 .debug_info    0x0000000000006609       0xa4 c:/program files/microchip/xc32/v4.50/bin/bin/../../lib/gcc/pic32c/8.3.1/../../../../pic32c/lib/thumb/v7e-m+fp/hard\libc-size-musl.a(strlen.o)
 .debug_info    0x00000000000066ad      0x2fb c:/program files/microchip/xc32/v4.50/bin/bin/../../lib/gcc/pic32c/8.3.1/../../../../pic32c/lib/thumb/v7e-m+fp/hard\libg-musl.a(__libc_start_main.o)
 .debug_info    0x00000000000069a8      0x276 c:/program files/microchip/xc32/v4.50/bin/bin/../../lib/gcc/pic32c/8.3.1/../../../../pic32c/lib/thumb/v7e-m+fp/hard\libg-musl.a(libc.o)
 .debug_info    0x0000000000006c1e      0x212 c:/program files/microchip/xc32/v4.50/bin/bin/../../lib/gcc/pic32c/8.3.1/../../../../pic32c/lib/thumb/v7e-m+fp/hard\libg-musl.a(__sio_snprintf_cdnpsuxX.o)
 .debug_info    0x0000000000006e30      0x330 c:/program files/microchip/xc32/v4.50/bin/bin/../../lib/gcc/pic32c/8.3.1/../../../../pic32c/lib/thumb/v7e-m+fp/hard\libg-musl.a(__fmt_d.o)
 .debug_info    0x0000000000007160      0x2b2 c:/program files/microchip/xc32/v4.50/bin/bin/../../lib/gcc/pic32c/8.3.1/../../../../pic32c/lib/thumb/v7e-m+fp/hard\libg-musl.a(__fmt_s.o)
 .debug_info    0x0000000000007412      0x301 c:/program files/microchip/xc32/v4.50/bin/bin/../../lib/gcc/pic32c/8.3.1/../../../../pic32c/lib/thumb/v7e-m+fp/hard\libg-musl.a(__fmt_u.o)
 .debug_info    0x0000000000007713      0x331 c:/program files/microchip/xc32/v4.50/bin/bin/../../lib/gcc/pic32c/8.3.1/../../../../pic32c/lib/thumb/v7e-m+fp/hard\libg-musl.a(__fmt_x.o)
 .debug_info    0x0000000000007a44      0x183 c:/program files/microchip/xc32/v4.50/bin/bin/../../lib/gcc/pic32c/8.3.1/../../../../pic32c/lib/thumb/v7e-m+fp/hard\libg-musl.a(__pop_int.o)
 .debug_info    0x0000000000007bc7      0x187 c:/program files/microchip/xc32/v4.50/bin/bin/../../lib/gcc/pic32c/8.3.1/../../../../pic32c/lib/thumb/v7e-m+fp/hard\libg-musl.a(__pop_ptr.o)
 .debug_info    0x0000000000007d4e      0xa5d c:/program files/microchip/xc32/v4.50/bin/bin/../../lib/gcc/pic32c/8.3.1/../../../../pic32c/lib/thumb/v7e-m+fp/hard\libg-musl.a(__printf_core.o)
 .debug_info    0x00000000000087ab       0xf4 c:/program files/microchip/xc32/v4.50/bin/bin/../../lib/gcc/pic32c/8.3.1/../../../../pic32c/lib/thumb/v7e-m+fp/hard\libg-musl.a(atoi.o)
 .debug_info    0x000000000000889f      0x12b c:/program files/microchip/xc32/v4.50/bin/bin/../../lib/gcc/pic32c/8.3.1/../../../../pic32c/lib/thumb/v7e-m+fp/hard\libg-musl.a(tolower.o)
 .debug_info    0x00000000000089ca      0x12b c:/program files/microchip/xc32/v4.50/bin/bin/../../lib/gcc/pic32c/8.3.1/../../../../pic32c/lib/thumb/v7e-m+fp/hard\libg-musl.a(toupper.o)
 .debug_info    0x0000000000008af5       0x97 c:/program files/microchip/xc32/v4.50/bin/bin/../../lib/gcc/pic32c/8.3.1/../../../../pic32c/lib/thumb/v7e-m+fp/hard\libg-musl.a(__environ.o)
 .debug_info    0x0000000000008b8c       0x5b c:/program files/microchip/xc32/v4.50/bin/bin/../../lib/gcc/pic32c/8.3.1/../../../../pic32c/lib/thumb/v7e-m+fp/hard\libg-musl.a(__errno_location.o)
 .debug_info    0x0000000000008be7      0x21a c:/program files/microchip/xc32/v4.50/bin/bin/../../lib/gcc/pic32c/8.3.1/../../../../pic32c/lib/thumb/v7e-m+fp/hard\libg-musl.a(__int_vsnprintf.o)
 .debug_info    0x0000000000008e01      0x1d9 c:/program files/microchip/xc32/v4.50/bin/bin/../../lib/gcc/pic32c/8.3.1/../../../../pic32c/lib/thumb/v7e-m+fp/hard\libg-musl.a(__cvt_u.o)
 .debug_info    0x0000000000008fda      0x162 c:/program files/microchip/xc32/v4.50/bin/bin/../../lib/gcc/pic32c/8.3.1/../../../../pic32c/lib/thumb/v7e-m+fp/hard\libg-musl.a(__pop_float.o)
 .debug_info    0x000000000000913c      0x1f7 c:/program files/microchip/xc32/v4.50/bin/bin/../../lib/gcc/pic32c/8.3.1/../../../../pic32c/lib/thumb/v7e-m+fp/hard\libg-musl.a(__int_vfprintf.o)
 .debug_info    0x0000000000009333       0x26 c:/program files/microchip/xc32/v4.50/bin/bin/../../lib/gcc/pic32c/8.3.1/thumb/v7e-m+fp/hard\libgcc.a(_aeabi_uldivmod.o)
 .debug_info    0x0000000000009359      0x52a c:/program files/microchip/xc32/v4.50/bin/bin/../../lib/gcc/pic32c/8.3.1/thumb/v7e-m+fp/hard\libgcc.a(_udivmoddi4.o)
 .debug_info    0x0000000000009883       0x26 c:/program files/microchip/xc32/v4.50/bin/bin/../../lib/gcc/pic32c/8.3.1/thumb/v7e-m+fp/hard\libgcc.a(_dvmd_tls.o)
 .debug_info    0x00000000000098a9       0xbb c:/program files/microchip/xc32/v4.50/bin/bin/../../lib/gcc/pic32c/8.3.1/../../../../pic32c/lib/thumb/v7e-m+fp/hard\libc-size-musl.a(memset.o)
 .debug_info    0x0000000000009964       0x3f c:/program files/microchip/xc32/v4.50/bin/bin/../../lib/gcc/pic32c/8.3.1/../../../../pic32c/lib/thumb/v7e-m+fp/hard\libpic32c.a(pic32_data_init_clear.o)
 .debug_info    0x00000000000099a3       0x40 c:/program files/microchip/xc32/v4.50/bin/bin/../../lib/gcc/pic32c/8.3.1/../../../../pic32c/lib/thumb/v7e-m+fp/hard\libpic32c.a(pic32_data_init_copy.o)

.debug_abbrev   0x0000000000000000     0x2c92
 .debug_abbrev  0x0000000000000000       0xeb build/sam_e51_cnano/debug/_ext/7187140/plib_clock.o
 .debug_abbrev  0x00000000000000eb      0x2a4 build/sam_e51_cnano/debug/_ext/831021835/plib_dmac.o
 .debug_abbrev  0x000000000000038f      0x162 build/sam_e51_cnano/debug/_ext/1220119669/plib_eic.o
 .debug_abbrev  0x00000000000004f1       0x46 build/sam_e51_cnano/debug/_ext/9336626/plib_evsys.o
 .debug_abbrev  0x0000000000000537      0x1f9 build/sam_e51_cnano/debug/_ext/830715028/plib_nvic.o
 .debug_abbrev  0x0000000000000730      0x1d3 build/sam_e51_cnano/debug/_ext/226030394/plib_nvmctrl.o
 .debug_abbrev  0x0000000000000903      0x172 build/sam_e51_cnano/debug/_ext/830661877/plib_port.o
 .debug_abbrev  0x0000000000000a75      0x1ba build/sam_e51_cnano/debug/_ext/1220132503/plib_rtc_timer.o
 .debug_abbrev  0x0000000000000c2f      0x1f0 build/sam_e51_cnano/debug/_ext/314480351/plib_sercom5_usart.o
 .debug_abbrev  0x0000000000000e1f       0x5e build/sam_e51_cnano/debug/_ext/570918426/initialization.o
 .debug_abbrev  0x0000000000000e7d       0xc0 build/sam_e51_cnano/debug/_ext/570918426/interrupts.o
 .debug_abbrev  0x0000000000000f3d       0x49 build/sam_e51_cnano/debug/_ext/570918426/exceptions.o
 .debug_abbrev  0x0000000000000f86      0x1ed build/sam_e51_cnano/debug/_ext/570918426/startup_xc32.o
 .debug_abbrev  0x0000000000001173      0x1e7 build/sam_e51_cnano/debug/_ext/1360937237/main.o
 .debug_abbrev  0x000000000000135a       0x14 build/sam_e51_cnano/debug/_ext/1360937237/asmFunc.o
 .debug_abbrev  0x000000000000136e       0x44 c:/program files/microchip/xc32/v4.50/bin/bin/../../lib/gcc/pic32c/8.3.1/../../../../pic32c/lib/thumb/v7e-m+fp/hard\libpic32c.a(data_init.o)
 .debug_abbrev  0x00000000000013b2       0xbb c:/program files/microchip/xc32/v4.50/bin/bin/../../lib/gcc/pic32c/8.3.1/../../../../pic32c/lib/thumb/v7e-m+fp/hard\libc-size-musl.a(memcpy.o)
 .debug_abbrev  0x000000000000146d       0x91 c:/program files/microchip/xc32/v4.50/bin/bin/../../lib/gcc/pic32c/8.3.1/../../../../pic32c/lib/thumb/v7e-m+fp/hard\libc-size-musl.a(strlen.o)
 .debug_abbrev  0x00000000000014fe      0x133 c:/program files/microchip/xc32/v4.50/bin/bin/../../lib/gcc/pic32c/8.3.1/../../../../pic32c/lib/thumb/v7e-m+fp/hard\libg-musl.a(__libc_start_main.o)
 .debug_abbrev  0x0000000000001631       0xd4 c:/program files/microchip/xc32/v4.50/bin/bin/../../lib/gcc/pic32c/8.3.1/../../../../pic32c/lib/thumb/v7e-m+fp/hard\libg-musl.a(libc.o)
 .debug_abbrev  0x0000000000001705      0x139 c:/program files/microchip/xc32/v4.50/bin/bin/../../lib/gcc/pic32c/8.3.1/../../../../pic32c/lib/thumb/v7e-m+fp/hard\libg-musl.a(__sio_snprintf_cdnpsuxX.o)
 .debug_abbrev  0x000000000000183e      0x161 c:/program files/microchip/xc32/v4.50/bin/bin/../../lib/gcc/pic32c/8.3.1/../../../../pic32c/lib/thumb/v7e-m+fp/hard\libg-musl.a(__fmt_d.o)
 .debug_abbrev  0x000000000000199f      0x14c c:/program files/microchip/xc32/v4.50/bin/bin/../../lib/gcc/pic32c/8.3.1/../../../../pic32c/lib/thumb/v7e-m+fp/hard\libg-musl.a(__fmt_s.o)
 .debug_abbrev  0x0000000000001aeb      0x161 c:/program files/microchip/xc32/v4.50/bin/bin/../../lib/gcc/pic32c/8.3.1/../../../../pic32c/lib/thumb/v7e-m+fp/hard\libg-musl.a(__fmt_u.o)
 .debug_abbrev  0x0000000000001c4c      0x150 c:/program files/microchip/xc32/v4.50/bin/bin/../../lib/gcc/pic32c/8.3.1/../../../../pic32c/lib/thumb/v7e-m+fp/hard\libg-musl.a(__fmt_x.o)
 .debug_abbrev  0x0000000000001d9c       0xdc c:/program files/microchip/xc32/v4.50/bin/bin/../../lib/gcc/pic32c/8.3.1/../../../../pic32c/lib/thumb/v7e-m+fp/hard\libg-musl.a(__pop_int.o)
 .debug_abbrev  0x0000000000001e78       0xed c:/program files/microchip/xc32/v4.50/bin/bin/../../lib/gcc/pic32c/8.3.1/../../../../pic32c/lib/thumb/v7e-m+fp/hard\libg-musl.a(__pop_ptr.o)
 .debug_abbrev  0x0000000000001f65      0x332 c:/program files/microchip/xc32/v4.50/bin/bin/../../lib/gcc/pic32c/8.3.1/../../../../pic32c/lib/thumb/v7e-m+fp/hard\libg-musl.a(__printf_core.o)
 .debug_abbrev  0x0000000000002297       0xc6 c:/program files/microchip/xc32/v4.50/bin/bin/../../lib/gcc/pic32c/8.3.1/../../../../pic32c/lib/thumb/v7e-m+fp/hard\libg-musl.a(atoi.o)
 .debug_abbrev  0x000000000000235d      0x108 c:/program files/microchip/xc32/v4.50/bin/bin/../../lib/gcc/pic32c/8.3.1/../../../../pic32c/lib/thumb/v7e-m+fp/hard\libg-musl.a(tolower.o)
 .debug_abbrev  0x0000000000002465      0x108 c:/program files/microchip/xc32/v4.50/bin/bin/../../lib/gcc/pic32c/8.3.1/../../../../pic32c/lib/thumb/v7e-m+fp/hard\libg-musl.a(toupper.o)
 .debug_abbrev  0x000000000000256d       0x62 c:/program files/microchip/xc32/v4.50/bin/bin/../../lib/gcc/pic32c/8.3.1/../../../../pic32c/lib/thumb/v7e-m+fp/hard\libg-musl.a(__environ.o)
 .debug_abbrev  0x00000000000025cf       0x39 c:/program files/microchip/xc32/v4.50/bin/bin/../../lib/gcc/pic32c/8.3.1/../../../../pic32c/lib/thumb/v7e-m+fp/hard\libg-musl.a(__errno_location.o)
 .debug_abbrev  0x0000000000002608      0x154 c:/program files/microchip/xc32/v4.50/bin/bin/../../lib/gcc/pic32c/8.3.1/../../../../pic32c/lib/thumb/v7e-m+fp/hard\libg-musl.a(__int_vsnprintf.o)
 .debug_abbrev  0x000000000000275c       0xe5 c:/program files/microchip/xc32/v4.50/bin/bin/../../lib/gcc/pic32c/8.3.1/../../../../pic32c/lib/thumb/v7e-m+fp/hard\libg-musl.a(__cvt_u.o)
 .debug_abbrev  0x0000000000002841       0xdc c:/program files/microchip/xc32/v4.50/bin/bin/../../lib/gcc/pic32c/8.3.1/../../../../pic32c/lib/thumb/v7e-m+fp/hard\libg-musl.a(__pop_float.o)
 .debug_abbrev  0x000000000000291d      0x12d c:/program files/microchip/xc32/v4.50/bin/bin/../../lib/gcc/pic32c/8.3.1/../../../../pic32c/lib/thumb/v7e-m+fp/hard\libg-musl.a(__int_vfprintf.o)
 .debug_abbrev  0x0000000000002a4a       0x14 c:/program files/microchip/xc32/v4.50/bin/bin/../../lib/gcc/pic32c/8.3.1/thumb/v7e-m+fp/hard\libgcc.a(_aeabi_uldivmod.o)
 .debug_abbrev  0x0000000000002a5e      0x122 c:/program files/microchip/xc32/v4.50/bin/bin/../../lib/gcc/pic32c/8.3.1/thumb/v7e-m+fp/hard\libgcc.a(_udivmoddi4.o)
 .debug_abbrev  0x0000000000002b80       0x14 c:/program files/microchip/xc32/v4.50/bin/bin/../../lib/gcc/pic32c/8.3.1/thumb/v7e-m+fp/hard\libgcc.a(_dvmd_tls.o)
 .debug_abbrev  0x0000000000002b94       0xa2 c:/program files/microchip/xc32/v4.50/bin/bin/../../lib/gcc/pic32c/8.3.1/../../../../pic32c/lib/thumb/v7e-m+fp/hard\libc-size-musl.a(memset.o)
 .debug_abbrev  0x0000000000002c36       0x2e c:/program files/microchip/xc32/v4.50/bin/bin/../../lib/gcc/pic32c/8.3.1/../../../../pic32c/lib/thumb/v7e-m+fp/hard\libpic32c.a(pic32_data_init_clear.o)
 .debug_abbrev  0x0000000000002c64       0x2e c:/program files/microchip/xc32/v4.50/bin/bin/../../lib/gcc/pic32c/8.3.1/../../../../pic32c/lib/thumb/v7e-m+fp/hard\libpic32c.a(pic32_data_init_copy.o)

.debug_loc      0x0000000000000000     0x4b21
 .debug_loc     0x0000000000000000      0x208 build/sam_e51_cnano/debug/_ext/7187140/plib_clock.o
 .debug_loc     0x0000000000000208      0x598 build/sam_e51_cnano/debug/_ext/831021835/plib_dmac.o
 .debug_loc     0x00000000000007a0      0x184 build/sam_e51_cnano/debug/_ext/1220119669/plib_eic.o
 .debug_loc     0x0000000000000924       0x44 build/sam_e51_cnano/debug/_ext/9336626/plib_evsys.o
 .debug_loc     0x0000000000000968      0x23c build/sam_e51_cnano/debug/_ext/830715028/plib_nvic.o
 .debug_loc     0x0000000000000ba4      0x678 build/sam_e51_cnano/debug/_ext/226030394/plib_nvmctrl.o
 .debug_loc     0x000000000000121c      0x3dc build/sam_e51_cnano/debug/_ext/830661877/plib_port.o
 .debug_loc     0x00000000000015f8      0x52c build/sam_e51_cnano/debug/_ext/1220132503/plib_rtc_timer.o
 .debug_loc     0x0000000000001b24      0x37c build/sam_e51_cnano/debug/_ext/314480351/plib_sercom5_usart.o
 .debug_loc     0x0000000000001ea0       0x50 build/sam_e51_cnano/debug/_ext/570918426/initialization.o
 .debug_loc     0x0000000000001ef0      0x108 build/sam_e51_cnano/debug/_ext/570918426/exceptions.o
 .debug_loc     0x0000000000001ff8      0x11c build/sam_e51_cnano/debug/_ext/570918426/startup_xc32.o
 .debug_loc     0x0000000000002114      0x194 build/sam_e51_cnano/debug/_ext/1360937237/main.o
 .debug_loc     0x00000000000022a8       0x14 c:/program files/microchip/xc32/v4.50/bin/bin/../../lib/gcc/pic32c/8.3.1/../../../../pic32c/lib/thumb/v7e-m+fp/hard\libpic32c.a(data_init.o)
 .debug_loc     0x00000000000022bc      0x10b c:/program files/microchip/xc32/v4.50/bin/bin/../../lib/gcc/pic32c/8.3.1/../../../../pic32c/lib/thumb/v7e-m+fp/hard\libc-size-musl.a(memcpy.o)
 .debug_loc     0x00000000000023c7       0x90 c:/program files/microchip/xc32/v4.50/bin/bin/../../lib/gcc/pic32c/8.3.1/../../../../pic32c/lib/thumb/v7e-m+fp/hard\libc-size-musl.a(strlen.o)
 .debug_loc     0x0000000000002457       0x51 c:/program files/microchip/xc32/v4.50/bin/bin/../../lib/gcc/pic32c/8.3.1/../../../../pic32c/lib/thumb/v7e-m+fp/hard\libg-musl.a(__libc_start_main.o)
 .debug_loc     0x00000000000024a8       0xdb c:/program files/microchip/xc32/v4.50/bin/bin/../../lib/gcc/pic32c/8.3.1/../../../../pic32c/lib/thumb/v7e-m+fp/hard\libg-musl.a(__sio_snprintf_cdnpsuxX.o)
 .debug_loc     0x0000000000002583      0x1ef c:/program files/microchip/xc32/v4.50/bin/bin/../../lib/gcc/pic32c/8.3.1/../../../../pic32c/lib/thumb/v7e-m+fp/hard\libg-musl.a(__fmt_d.o)
 .debug_loc     0x0000000000002772      0x157 c:/program files/microchip/xc32/v4.50/bin/bin/../../lib/gcc/pic32c/8.3.1/../../../../pic32c/lib/thumb/v7e-m+fp/hard\libg-musl.a(__fmt_s.o)
 .debug_loc     0x00000000000028c9      0x10a c:/program files/microchip/xc32/v4.50/bin/bin/../../lib/gcc/pic32c/8.3.1/../../../../pic32c/lib/thumb/v7e-m+fp/hard\libg-musl.a(__fmt_u.o)
 .debug_loc     0x00000000000029d3      0x26d c:/program files/microchip/xc32/v4.50/bin/bin/../../lib/gcc/pic32c/8.3.1/../../../../pic32c/lib/thumb/v7e-m+fp/hard\libg-musl.a(__fmt_x.o)
 .debug_loc     0x0000000000002c40      0x2f5 c:/program files/microchip/xc32/v4.50/bin/bin/../../lib/gcc/pic32c/8.3.1/../../../../pic32c/lib/thumb/v7e-m+fp/hard\libg-musl.a(__pop_int.o)
 .debug_loc     0x0000000000002f35      0x1db c:/program files/microchip/xc32/v4.50/bin/bin/../../lib/gcc/pic32c/8.3.1/../../../../pic32c/lib/thumb/v7e-m+fp/hard\libg-musl.a(__pop_ptr.o)
 .debug_loc     0x0000000000003110      0x5e9 c:/program files/microchip/xc32/v4.50/bin/bin/../../lib/gcc/pic32c/8.3.1/../../../../pic32c/lib/thumb/v7e-m+fp/hard\libg-musl.a(__printf_core.o)
 .debug_loc     0x00000000000036f9       0xd8 c:/program files/microchip/xc32/v4.50/bin/bin/../../lib/gcc/pic32c/8.3.1/../../../../pic32c/lib/thumb/v7e-m+fp/hard\libg-musl.a(atoi.o)
 .debug_loc     0x00000000000037d1       0x4a c:/program files/microchip/xc32/v4.50/bin/bin/../../lib/gcc/pic32c/8.3.1/../../../../pic32c/lib/thumb/v7e-m+fp/hard\libg-musl.a(tolower.o)
 .debug_loc     0x000000000000381b       0x4a c:/program files/microchip/xc32/v4.50/bin/bin/../../lib/gcc/pic32c/8.3.1/../../../../pic32c/lib/thumb/v7e-m+fp/hard\libg-musl.a(toupper.o)
 .debug_loc     0x0000000000003865       0xfd c:/program files/microchip/xc32/v4.50/bin/bin/../../lib/gcc/pic32c/8.3.1/../../../../pic32c/lib/thumb/v7e-m+fp/hard\libg-musl.a(__int_vsnprintf.o)
 .debug_loc     0x0000000000003962      0x197 c:/program files/microchip/xc32/v4.50/bin/bin/../../lib/gcc/pic32c/8.3.1/../../../../pic32c/lib/thumb/v7e-m+fp/hard\libg-musl.a(__cvt_u.o)
 .debug_loc     0x0000000000003af9       0xa6 c:/program files/microchip/xc32/v4.50/bin/bin/../../lib/gcc/pic32c/8.3.1/../../../../pic32c/lib/thumb/v7e-m+fp/hard\libg-musl.a(__pop_float.o)
 .debug_loc     0x0000000000003b9f       0x88 c:/program files/microchip/xc32/v4.50/bin/bin/../../lib/gcc/pic32c/8.3.1/../../../../pic32c/lib/thumb/v7e-m+fp/hard\libg-musl.a(__int_vfprintf.o)
 .debug_loc     0x0000000000003c27      0xe69 c:/program files/microchip/xc32/v4.50/bin/bin/../../lib/gcc/pic32c/8.3.1/thumb/v7e-m+fp/hard\libgcc.a(_udivmoddi4.o)
 .debug_loc     0x0000000000004a90       0x7d c:/program files/microchip/xc32/v4.50/bin/bin/../../lib/gcc/pic32c/8.3.1/../../../../pic32c/lib/thumb/v7e-m+fp/hard\libc-size-musl.a(memset.o)
 .debug_loc     0x0000000000004b0d       0x14 c:/program files/microchip/xc32/v4.50/bin/bin/../../lib/gcc/pic32c/8.3.1/../../../../pic32c/lib/thumb/v7e-m+fp/hard\libpic32c.a(pic32_data_init_copy.o)

.debug_aranges  0x0000000000000000      0x8d8
 .debug_aranges
                0x0000000000000000       0x58 build/sam_e51_cnano/debug/_ext/7187140/plib_clock.o
 .debug_aranges
                0x0000000000000058       0xa0 build/sam_e51_cnano/debug/_ext/831021835/plib_dmac.o
 .debug_aranges
                0x00000000000000f8       0x40 build/sam_e51_cnano/debug/_ext/1220119669/plib_eic.o
 .debug_aranges
                0x0000000000000138       0x20 build/sam_e51_cnano/debug/_ext/9336626/plib_evsys.o
 .debug_aranges
                0x0000000000000158       0x50 build/sam_e51_cnano/debug/_ext/830715028/plib_nvic.o
 .debug_aranges
                0x00000000000001a8       0xc0 build/sam_e51_cnano/debug/_ext/226030394/plib_nvmctrl.o
 .debug_aranges
                0x0000000000000268       0x70 build/sam_e51_cnano/debug/_ext/830661877/plib_port.o
 .debug_aranges
                0x00000000000002d8       0xa0 build/sam_e51_cnano/debug/_ext/1220132503/plib_rtc_timer.o
 .debug_aranges
                0x0000000000000378       0x70 build/sam_e51_cnano/debug/_ext/314480351/plib_sercom5_usart.o
 .debug_aranges
                0x00000000000003e8       0x20 build/sam_e51_cnano/debug/_ext/570918426/initialization.o
 .debug_aranges
                0x0000000000000408       0x20 build/sam_e51_cnano/debug/_ext/570918426/interrupts.o
 .debug_aranges
                0x0000000000000428       0x48 build/sam_e51_cnano/debug/_ext/570918426/exceptions.o
 .debug_aranges
                0x0000000000000470       0x40 build/sam_e51_cnano/debug/_ext/570918426/startup_xc32.o
 .debug_aranges
                0x00000000000004b0       0x40 build/sam_e51_cnano/debug/_ext/1360937237/main.o
 .debug_aranges
                0x00000000000004f0       0x20 build/sam_e51_cnano/debug/_ext/1360937237/asmFunc.o
 .debug_aranges
                0x0000000000000510       0x30 c:/program files/microchip/xc32/v4.50/bin/bin/../../lib/gcc/pic32c/8.3.1/../../../../pic32c/lib/thumb/v7e-m+fp/hard\libpic32c.a(data_init.o)
 .debug_aranges
                0x0000000000000540       0x20 c:/program files/microchip/xc32/v4.50/bin/bin/../../lib/gcc/pic32c/8.3.1/../../../../pic32c/lib/thumb/v7e-m+fp/hard\libc-size-musl.a(memcpy.o)
 .debug_aranges
                0x0000000000000560       0x20 c:/program files/microchip/xc32/v4.50/bin/bin/../../lib/gcc/pic32c/8.3.1/../../../../pic32c/lib/thumb/v7e-m+fp/hard\libc-size-musl.a(strlen.o)
 .debug_aranges
                0x0000000000000580       0x28 c:/program files/microchip/xc32/v4.50/bin/bin/../../lib/gcc/pic32c/8.3.1/../../../../pic32c/lib/thumb/v7e-m+fp/hard\libg-musl.a(__libc_start_main.o)
 .debug_aranges
                0x00000000000005a8       0x18 c:/program files/microchip/xc32/v4.50/bin/bin/../../lib/gcc/pic32c/8.3.1/../../../../pic32c/lib/thumb/v7e-m+fp/hard\libg-musl.a(libc.o)
 .debug_aranges
                0x00000000000005c0       0x28 c:/program files/microchip/xc32/v4.50/bin/bin/../../lib/gcc/pic32c/8.3.1/../../../../pic32c/lib/thumb/v7e-m+fp/hard\libg-musl.a(__sio_snprintf_cdnpsuxX.o)
 .debug_aranges
                0x00000000000005e8       0x20 c:/program files/microchip/xc32/v4.50/bin/bin/../../lib/gcc/pic32c/8.3.1/../../../../pic32c/lib/thumb/v7e-m+fp/hard\libg-musl.a(__fmt_d.o)
 .debug_aranges
                0x0000000000000608       0x20 c:/program files/microchip/xc32/v4.50/bin/bin/../../lib/gcc/pic32c/8.3.1/../../../../pic32c/lib/thumb/v7e-m+fp/hard\libg-musl.a(__fmt_s.o)
 .debug_aranges
                0x0000000000000628       0x20 c:/program files/microchip/xc32/v4.50/bin/bin/../../lib/gcc/pic32c/8.3.1/../../../../pic32c/lib/thumb/v7e-m+fp/hard\libg-musl.a(__fmt_u.o)
 .debug_aranges
                0x0000000000000648       0x20 c:/program files/microchip/xc32/v4.50/bin/bin/../../lib/gcc/pic32c/8.3.1/../../../../pic32c/lib/thumb/v7e-m+fp/hard\libg-musl.a(__fmt_x.o)
 .debug_aranges
                0x0000000000000668       0x20 c:/program files/microchip/xc32/v4.50/bin/bin/../../lib/gcc/pic32c/8.3.1/../../../../pic32c/lib/thumb/v7e-m+fp/hard\libg-musl.a(__pop_int.o)
 .debug_aranges
                0x0000000000000688       0x20 c:/program files/microchip/xc32/v4.50/bin/bin/../../lib/gcc/pic32c/8.3.1/../../../../pic32c/lib/thumb/v7e-m+fp/hard\libg-musl.a(__pop_ptr.o)
 .debug_aranges
                0x00000000000006a8       0x50 c:/program files/microchip/xc32/v4.50/bin/bin/../../lib/gcc/pic32c/8.3.1/../../../../pic32c/lib/thumb/v7e-m+fp/hard\libg-musl.a(__printf_core.o)
 .debug_aranges
                0x00000000000006f8       0x20 c:/program files/microchip/xc32/v4.50/bin/bin/../../lib/gcc/pic32c/8.3.1/../../../../pic32c/lib/thumb/v7e-m+fp/hard\libg-musl.a(atoi.o)
 .debug_aranges
                0x0000000000000718       0x28 c:/program files/microchip/xc32/v4.50/bin/bin/../../lib/gcc/pic32c/8.3.1/../../../../pic32c/lib/thumb/v7e-m+fp/hard\libg-musl.a(tolower.o)
 .debug_aranges
                0x0000000000000740       0x28 c:/program files/microchip/xc32/v4.50/bin/bin/../../lib/gcc/pic32c/8.3.1/../../../../pic32c/lib/thumb/v7e-m+fp/hard\libg-musl.a(toupper.o)
 .debug_aranges
                0x0000000000000768       0x18 c:/program files/microchip/xc32/v4.50/bin/bin/../../lib/gcc/pic32c/8.3.1/../../../../pic32c/lib/thumb/v7e-m+fp/hard\libg-musl.a(__environ.o)
 .debug_aranges
                0x0000000000000780       0x18 c:/program files/microchip/xc32/v4.50/bin/bin/../../lib/gcc/pic32c/8.3.1/../../../../pic32c/lib/thumb/v7e-m+fp/hard\libg-musl.a(__errno_location.o)
 .debug_aranges
                0x0000000000000798       0x20 c:/program files/microchip/xc32/v4.50/bin/bin/../../lib/gcc/pic32c/8.3.1/../../../../pic32c/lib/thumb/v7e-m+fp/hard\libg-musl.a(__int_vsnprintf.o)
 .debug_aranges
                0x00000000000007b8       0x20 c:/program files/microchip/xc32/v4.50/bin/bin/../../lib/gcc/pic32c/8.3.1/../../../../pic32c/lib/thumb/v7e-m+fp/hard\libg-musl.a(__cvt_u.o)
 .debug_aranges
                0x00000000000007d8       0x20 c:/program files/microchip/xc32/v4.50/bin/bin/../../lib/gcc/pic32c/8.3.1/../../../../pic32c/lib/thumb/v7e-m+fp/hard\libg-musl.a(__pop_float.o)
 .debug_aranges
                0x00000000000007f8       0x20 c:/program files/microchip/xc32/v4.50/bin/bin/../../lib/gcc/pic32c/8.3.1/../../../../pic32c/lib/thumb/v7e-m+fp/hard\libg-musl.a(__int_vfprintf.o)
 .debug_aranges
                0x0000000000000818       0x20 c:/program files/microchip/xc32/v4.50/bin/bin/../../lib/gcc/pic32c/8.3.1/thumb/v7e-m+fp/hard\libgcc.a(_aeabi_uldivmod.o)
 .debug_aranges
                0x0000000000000838       0x20 c:/program files/microchip/xc32/v4.50/bin/bin/../../lib/gcc/pic32c/8.3.1/thumb/v7e-m+fp/hard\libgcc.a(_udivmoddi4.o)
 .debug_aranges
                0x0000000000000858       0x20 c:/program files/microchip/xc32/v4.50/bin/bin/../../lib/gcc/pic32c/8.3.1/thumb/v7e-m+fp/hard\libgcc.a(_dvmd_tls.o)
 .debug_aranges
                0x0000000000000878       0x20 c:/program files/microchip/xc32/v4.50/bin/bin/../../lib/gcc/pic32c/8.3.1/../../../../pic32c/lib/thumb/v7e-m+fp/hard\libc-size-musl.a(memset.o)
 .debug_aranges
                0x0000000000000898       0x20 c:/program files/microchip/xc32/v4.50/bin/bin/../../lib/gcc/pic32c/8.3.1/../../../../pic32c/lib/thumb/v7e-m+fp/hard\libpic32c.a(pic32_data_init_clear.o)
 .debug_aranges
                0x00000000000008b8       0x20 c:/program files/microchip/xc32/v4.50/bin/bin/../../lib/gcc/pic32c/8.3.1/../../../../pic32c/lib/thumb/v7e-m+fp/hard\libpic32c.a(pic32_data_init_copy.o)

.debug_ranges   0x0000000000000000      0x6c0
 .debug_ranges  0x0000000000000000       0x48 build/sam_e51_cnano/debug/_ext/7187140/plib_clock.o
 .debug_ranges  0x0000000000000048       0x90 build/sam_e51_cnano/debug/_ext/831021835/plib_dmac.o
 .debug_ranges  0x00000000000000d8       0x30 build/sam_e51_cnano/debug/_ext/1220119669/plib_eic.o
 .debug_ranges  0x0000000000000108       0x10 build/sam_e51_cnano/debug/_ext/9336626/plib_evsys.o
 .debug_ranges  0x0000000000000118       0x40 build/sam_e51_cnano/debug/_ext/830715028/plib_nvic.o
 .debug_ranges  0x0000000000000158       0xb0 build/sam_e51_cnano/debug/_ext/226030394/plib_nvmctrl.o
 .debug_ranges  0x0000000000000208       0x60 build/sam_e51_cnano/debug/_ext/830661877/plib_port.o
 .debug_ranges  0x0000000000000268       0x90 build/sam_e51_cnano/debug/_ext/1220132503/plib_rtc_timer.o
 .debug_ranges  0x00000000000002f8       0x60 build/sam_e51_cnano/debug/_ext/314480351/plib_sercom5_usart.o
 .debug_ranges  0x0000000000000358       0x10 build/sam_e51_cnano/debug/_ext/570918426/initialization.o
 .debug_ranges  0x0000000000000368       0x10 build/sam_e51_cnano/debug/_ext/570918426/interrupts.o
 .debug_ranges  0x0000000000000378       0x38 build/sam_e51_cnano/debug/_ext/570918426/exceptions.o
 .debug_ranges  0x00000000000003b0       0x30 build/sam_e51_cnano/debug/_ext/570918426/startup_xc32.o
 .debug_ranges  0x00000000000003e0       0x30 build/sam_e51_cnano/debug/_ext/1360937237/main.o
 .debug_ranges  0x0000000000000410       0x20 c:/program files/microchip/xc32/v4.50/bin/bin/../../lib/gcc/pic32c/8.3.1/../../../../pic32c/lib/thumb/v7e-m+fp/hard\libpic32c.a(data_init.o)
 .debug_ranges  0x0000000000000430       0x10 c:/program files/microchip/xc32/v4.50/bin/bin/../../lib/gcc/pic32c/8.3.1/../../../../pic32c/lib/thumb/v7e-m+fp/hard\libc-size-musl.a(memcpy.o)
 .debug_ranges  0x0000000000000440       0x10 c:/program files/microchip/xc32/v4.50/bin/bin/../../lib/gcc/pic32c/8.3.1/../../../../pic32c/lib/thumb/v7e-m+fp/hard\libc-size-musl.a(strlen.o)
 .debug_ranges  0x0000000000000450       0x40 c:/program files/microchip/xc32/v4.50/bin/bin/../../lib/gcc/pic32c/8.3.1/../../../../pic32c/lib/thumb/v7e-m+fp/hard\libg-musl.a(__libc_start_main.o)
 .debug_ranges  0x0000000000000490       0x18 c:/program files/microchip/xc32/v4.50/bin/bin/../../lib/gcc/pic32c/8.3.1/../../../../pic32c/lib/thumb/v7e-m+fp/hard\libg-musl.a(__sio_snprintf_cdnpsuxX.o)
 .debug_ranges  0x00000000000004a8       0x10 c:/program files/microchip/xc32/v4.50/bin/bin/../../lib/gcc/pic32c/8.3.1/../../../../pic32c/lib/thumb/v7e-m+fp/hard\libg-musl.a(__fmt_d.o)
 .debug_ranges  0x00000000000004b8       0x10 c:/program files/microchip/xc32/v4.50/bin/bin/../../lib/gcc/pic32c/8.3.1/../../../../pic32c/lib/thumb/v7e-m+fp/hard\libg-musl.a(__fmt_s.o)
 .debug_ranges  0x00000000000004c8       0x10 c:/program files/microchip/xc32/v4.50/bin/bin/../../lib/gcc/pic32c/8.3.1/../../../../pic32c/lib/thumb/v7e-m+fp/hard\libg-musl.a(__fmt_u.o)
 .debug_ranges  0x00000000000004d8       0x10 c:/program files/microchip/xc32/v4.50/bin/bin/../../lib/gcc/pic32c/8.3.1/../../../../pic32c/lib/thumb/v7e-m+fp/hard\libg-musl.a(__fmt_x.o)
 .debug_ranges  0x00000000000004e8       0x10 c:/program files/microchip/xc32/v4.50/bin/bin/../../lib/gcc/pic32c/8.3.1/../../../../pic32c/lib/thumb/v7e-m+fp/hard\libg-musl.a(__pop_int.o)
 .debug_ranges  0x00000000000004f8       0x10 c:/program files/microchip/xc32/v4.50/bin/bin/../../lib/gcc/pic32c/8.3.1/../../../../pic32c/lib/thumb/v7e-m+fp/hard\libg-musl.a(__pop_ptr.o)
 .debug_ranges  0x0000000000000508       0x58 c:/program files/microchip/xc32/v4.50/bin/bin/../../lib/gcc/pic32c/8.3.1/../../../../pic32c/lib/thumb/v7e-m+fp/hard\libg-musl.a(__printf_core.o)
 .debug_ranges  0x0000000000000560       0x10 c:/program files/microchip/xc32/v4.50/bin/bin/../../lib/gcc/pic32c/8.3.1/../../../../pic32c/lib/thumb/v7e-m+fp/hard\libg-musl.a(atoi.o)
 .debug_ranges  0x0000000000000570       0x18 c:/program files/microchip/xc32/v4.50/bin/bin/../../lib/gcc/pic32c/8.3.1/../../../../pic32c/lib/thumb/v7e-m+fp/hard\libg-musl.a(tolower.o)
 .debug_ranges  0x0000000000000588       0x18 c:/program files/microchip/xc32/v4.50/bin/bin/../../lib/gcc/pic32c/8.3.1/../../../../pic32c/lib/thumb/v7e-m+fp/hard\libg-musl.a(toupper.o)
 .debug_ranges  0x00000000000005a0       0x10 c:/program files/microchip/xc32/v4.50/bin/bin/../../lib/gcc/pic32c/8.3.1/../../../../pic32c/lib/thumb/v7e-m+fp/hard\libg-musl.a(__int_vsnprintf.o)
 .debug_ranges  0x00000000000005b0       0x10 c:/program files/microchip/xc32/v4.50/bin/bin/../../lib/gcc/pic32c/8.3.1/../../../../pic32c/lib/thumb/v7e-m+fp/hard\libg-musl.a(__cvt_u.o)
 .debug_ranges  0x00000000000005c0       0x10 c:/program files/microchip/xc32/v4.50/bin/bin/../../lib/gcc/pic32c/8.3.1/../../../../pic32c/lib/thumb/v7e-m+fp/hard\libg-musl.a(__pop_float.o)
 .debug_ranges  0x00000000000005d0       0x10 c:/program files/microchip/xc32/v4.50/bin/bin/../../lib/gcc/pic32c/8.3.1/../../../../pic32c/lib/thumb/v7e-m+fp/hard\libg-musl.a(__int_vfprintf.o)
 .debug_ranges  0x00000000000005e0       0xb0 c:/program files/microchip/xc32/v4.50/bin/bin/../../lib/gcc/pic32c/8.3.1/thumb/v7e-m+fp/hard\libgcc.a(_udivmoddi4.o)
 .debug_ranges  0x0000000000000690       0x10 c:/program files/microchip/xc32/v4.50/bin/bin/../../lib/gcc/pic32c/8.3.1/../../../../pic32c/lib/thumb/v7e-m+fp/hard\libc-size-musl.a(memset.o)
 .debug_ranges  0x00000000000006a0       0x10 c:/program files/microchip/xc32/v4.50/bin/bin/../../lib/gcc/pic32c/8.3.1/../../../../pic32c/lib/thumb/v7e-m+fp/hard\libpic32c.a(pic32_data_init_clear.o)
 .debug_ranges  0x00000000000006b0       0x10 c:/program files/microchip/xc32/v4.50/bin/bin/../../lib/gcc/pic32c/8.3.1/../../../../pic32c/lib/thumb/v7e-m+fp/hard\libpic32c.a(pic32_data_init_copy.o)

.debug_line     0x0000000000000000     0x4e59
 .debug_line    0x0000000000000000      0x286 build/sam_e51_cnano/debug/_ext/7187140/plib_clock.o
 .debug_line    0x0000000000000286      0x516 build/sam_e51_cnano/debug/_ext/831021835/plib_dmac.o
 .debug_line    0x000000000000079c      0x1de build/sam_e51_cnano/debug/_ext/1220119669/plib_eic.o
 .debug_line    0x000000000000097a       0x6c build/sam_e51_cnano/debug/_ext/9336626/plib_evsys.o
 .debug_line    0x00000000000009e6      0x289 build/sam_e51_cnano/debug/_ext/830715028/plib_nvic.o
 .debug_line    0x0000000000000c6f      0x436 build/sam_e51_cnano/debug/_ext/226030394/plib_nvmctrl.o
 .debug_line    0x00000000000010a5      0x281 build/sam_e51_cnano/debug/_ext/830661877/plib_port.o
 .debug_line    0x0000000000001326      0x367 build/sam_e51_cnano/debug/_ext/1220132503/plib_rtc_timer.o
 .debug_line    0x000000000000168d      0x432 build/sam_e51_cnano/debug/_ext/314480351/plib_sercom5_usart.o
 .debug_line    0x0000000000001abf       0x6d build/sam_e51_cnano/debug/_ext/570918426/initialization.o
 .debug_line    0x0000000000001b2c       0xbf build/sam_e51_cnano/debug/_ext/570918426/interrupts.o
 .debug_line    0x0000000000001beb       0xd8 build/sam_e51_cnano/debug/_ext/570918426/exceptions.o
 .debug_line    0x0000000000001cc3      0x1ee build/sam_e51_cnano/debug/_ext/570918426/startup_xc32.o
 .debug_line    0x0000000000001eb1      0x312 build/sam_e51_cnano/debug/_ext/1360937237/main.o
 .debug_line    0x00000000000021c3       0x6b build/sam_e51_cnano/debug/_ext/1360937237/asmFunc.o
 .debug_line    0x000000000000222e       0xa7 c:/program files/microchip/xc32/v4.50/bin/bin/../../lib/gcc/pic32c/8.3.1/../../../../pic32c/lib/thumb/v7e-m+fp/hard\libpic32c.a(data_init.o)
 .debug_line    0x00000000000022d5       0xfc c:/program files/microchip/xc32/v4.50/bin/bin/../../lib/gcc/pic32c/8.3.1/../../../../pic32c/lib/thumb/v7e-m+fp/hard\libc-size-musl.a(memcpy.o)
 .debug_line    0x00000000000023d1       0xe9 c:/program files/microchip/xc32/v4.50/bin/bin/../../lib/gcc/pic32c/8.3.1/../../../../pic32c/lib/thumb/v7e-m+fp/hard\libc-size-musl.a(strlen.o)
 .debug_line    0x00000000000024ba      0x1cd c:/program files/microchip/xc32/v4.50/bin/bin/../../lib/gcc/pic32c/8.3.1/../../../../pic32c/lib/thumb/v7e-m+fp/hard\libg-musl.a(__libc_start_main.o)
 .debug_line    0x0000000000002687       0xb8 c:/program files/microchip/xc32/v4.50/bin/bin/../../lib/gcc/pic32c/8.3.1/../../../../pic32c/lib/thumb/v7e-m+fp/hard\libg-musl.a(libc.o)
 .debug_line    0x000000000000273f      0x1ac c:/program files/microchip/xc32/v4.50/bin/bin/../../lib/gcc/pic32c/8.3.1/../../../../pic32c/lib/thumb/v7e-m+fp/hard\libg-musl.a(__sio_snprintf_cdnpsuxX.o)
 .debug_line    0x00000000000028eb      0x205 c:/program files/microchip/xc32/v4.50/bin/bin/../../lib/gcc/pic32c/8.3.1/../../../../pic32c/lib/thumb/v7e-m+fp/hard\libg-musl.a(__fmt_d.o)
 .debug_line    0x0000000000002af0      0x1f4 c:/program files/microchip/xc32/v4.50/bin/bin/../../lib/gcc/pic32c/8.3.1/../../../../pic32c/lib/thumb/v7e-m+fp/hard\libg-musl.a(__fmt_s.o)
 .debug_line    0x0000000000002ce4      0x18e c:/program files/microchip/xc32/v4.50/bin/bin/../../lib/gcc/pic32c/8.3.1/../../../../pic32c/lib/thumb/v7e-m+fp/hard\libg-musl.a(__fmt_u.o)
 .debug_line    0x0000000000002e72      0x2d3 c:/program files/microchip/xc32/v4.50/bin/bin/../../lib/gcc/pic32c/8.3.1/../../../../pic32c/lib/thumb/v7e-m+fp/hard\libg-musl.a(__fmt_x.o)
 .debug_line    0x0000000000003145      0x206 c:/program files/microchip/xc32/v4.50/bin/bin/../../lib/gcc/pic32c/8.3.1/../../../../pic32c/lib/thumb/v7e-m+fp/hard\libg-musl.a(__pop_int.o)
 .debug_line    0x000000000000334b      0x1e6 c:/program files/microchip/xc32/v4.50/bin/bin/../../lib/gcc/pic32c/8.3.1/../../../../pic32c/lib/thumb/v7e-m+fp/hard\libg-musl.a(__pop_ptr.o)
 .debug_line    0x0000000000003531      0x69b c:/program files/microchip/xc32/v4.50/bin/bin/../../lib/gcc/pic32c/8.3.1/../../../../pic32c/lib/thumb/v7e-m+fp/hard\libg-musl.a(__printf_core.o)
 .debug_line    0x0000000000003bcc      0x16d c:/program files/microchip/xc32/v4.50/bin/bin/../../lib/gcc/pic32c/8.3.1/../../../../pic32c/lib/thumb/v7e-m+fp/hard\libg-musl.a(atoi.o)
 .debug_line    0x0000000000003d39      0x15d c:/program files/microchip/xc32/v4.50/bin/bin/../../lib/gcc/pic32c/8.3.1/../../../../pic32c/lib/thumb/v7e-m+fp/hard\libg-musl.a(tolower.o)
 .debug_line    0x0000000000003e96      0x15d c:/program files/microchip/xc32/v4.50/bin/bin/../../lib/gcc/pic32c/8.3.1/../../../../pic32c/lib/thumb/v7e-m+fp/hard\libg-musl.a(toupper.o)
 .debug_line    0x0000000000003ff3      0x101 c:/program files/microchip/xc32/v4.50/bin/bin/../../lib/gcc/pic32c/8.3.1/../../../../pic32c/lib/thumb/v7e-m+fp/hard\libg-musl.a(__environ.o)
 .debug_line    0x00000000000040f4       0x9d c:/program files/microchip/xc32/v4.50/bin/bin/../../lib/gcc/pic32c/8.3.1/../../../../pic32c/lib/thumb/v7e-m+fp/hard\libg-musl.a(__errno_location.o)
 .debug_line    0x0000000000004191      0x1c1 c:/program files/microchip/xc32/v4.50/bin/bin/../../lib/gcc/pic32c/8.3.1/../../../../pic32c/lib/thumb/v7e-m+fp/hard\libg-musl.a(__int_vsnprintf.o)
 .debug_line    0x0000000000004352      0x1d1 c:/program files/microchip/xc32/v4.50/bin/bin/../../lib/gcc/pic32c/8.3.1/../../../../pic32c/lib/thumb/v7e-m+fp/hard\libg-musl.a(__cvt_u.o)
 .debug_line    0x0000000000004523      0x16b c:/program files/microchip/xc32/v4.50/bin/bin/../../lib/gcc/pic32c/8.3.1/../../../../pic32c/lib/thumb/v7e-m+fp/hard\libg-musl.a(__pop_float.o)
 .debug_line    0x000000000000468e      0x16e c:/program files/microchip/xc32/v4.50/bin/bin/../../lib/gcc/pic32c/8.3.1/../../../../pic32c/lib/thumb/v7e-m+fp/hard\libg-musl.a(__int_vfprintf.o)
 .debug_line    0x00000000000047fc       0x94 c:/program files/microchip/xc32/v4.50/bin/bin/../../lib/gcc/pic32c/8.3.1/thumb/v7e-m+fp/hard\libgcc.a(_aeabi_uldivmod.o)
 .debug_line    0x0000000000004890      0x363 c:/program files/microchip/xc32/v4.50/bin/bin/../../lib/gcc/pic32c/8.3.1/thumb/v7e-m+fp/hard\libgcc.a(_udivmoddi4.o)
 .debug_line    0x0000000000004bf3       0x94 c:/program files/microchip/xc32/v4.50/bin/bin/../../lib/gcc/pic32c/8.3.1/thumb/v7e-m+fp/hard\libgcc.a(_dvmd_tls.o)
 .debug_line    0x0000000000004c87       0xe6 c:/program files/microchip/xc32/v4.50/bin/bin/../../lib/gcc/pic32c/8.3.1/../../../../pic32c/lib/thumb/v7e-m+fp/hard\libc-size-musl.a(memset.o)
 .debug_line    0x0000000000004d6d       0x72 c:/program files/microchip/xc32/v4.50/bin/bin/../../lib/gcc/pic32c/8.3.1/../../../../pic32c/lib/thumb/v7e-m+fp/hard\libpic32c.a(pic32_data_init_clear.o)
 .debug_line    0x0000000000004ddf       0x7a c:/program files/microchip/xc32/v4.50/bin/bin/../../lib/gcc/pic32c/8.3.1/../../../../pic32c/lib/thumb/v7e-m+fp/hard\libpic32c.a(pic32_data_init_copy.o)

.debug_str      0x0000000000000000     0xae7b
 .debug_str     0x0000000000000000      0x6a5 build/sam_e51_cnano/debug/_ext/7187140/plib_clock.o
 .debug_str     0x00000000000006a5      0x978 build/sam_e51_cnano/debug/_ext/831021835/plib_dmac.o
 .debug_str     0x000000000000101d      0x49f build/sam_e51_cnano/debug/_ext/1220119669/plib_eic.o
 .debug_str     0x00000000000014bc      0x301 build/sam_e51_cnano/debug/_ext/9336626/plib_evsys.o
 .debug_str     0x00000000000017bd      0xc7a build/sam_e51_cnano/debug/_ext/830715028/plib_nvic.o
 .debug_str     0x0000000000002437      0x6c4 build/sam_e51_cnano/debug/_ext/226030394/plib_nvmctrl.o
 .debug_str     0x0000000000002afb      0x913 build/sam_e51_cnano/debug/_ext/830661877/plib_port.o
 .debug_str     0x000000000000340e      0x7c2 build/sam_e51_cnano/debug/_ext/1220132503/plib_rtc_timer.o
 .debug_str     0x0000000000003bd0      0x836 build/sam_e51_cnano/debug/_ext/314480351/plib_sercom5_usart.o
 .debug_str     0x0000000000004406      0x2fd build/sam_e51_cnano/debug/_ext/570918426/initialization.o
 .debug_str     0x0000000000004703      0xf05 build/sam_e51_cnano/debug/_ext/570918426/interrupts.o
 .debug_str     0x0000000000005608      0x360 build/sam_e51_cnano/debug/_ext/570918426/exceptions.o
 .debug_str     0x0000000000005968      0x48a build/sam_e51_cnano/debug/_ext/570918426/startup_xc32.o
 .debug_str     0x0000000000005df2      0x836 build/sam_e51_cnano/debug/_ext/1360937237/main.o
 .debug_str     0x0000000000006628       0x8c build/sam_e51_cnano/debug/_ext/1360937237/asmFunc.o
 .debug_str     0x00000000000066b4      0x206 c:/program files/microchip/xc32/v4.50/bin/bin/../../lib/gcc/pic32c/8.3.1/../../../../pic32c/lib/thumb/v7e-m+fp/hard\libpic32c.a(data_init.o)
 .debug_str     0x00000000000068ba      0x235 c:/program files/microchip/xc32/v4.50/bin/bin/../../lib/gcc/pic32c/8.3.1/../../../../pic32c/lib/thumb/v7e-m+fp/hard\libc-size-musl.a(memcpy.o)
 .debug_str     0x0000000000006aef      0x227 c:/program files/microchip/xc32/v4.50/bin/bin/../../lib/gcc/pic32c/8.3.1/../../../../pic32c/lib/thumb/v7e-m+fp/hard\libc-size-musl.a(strlen.o)
 .debug_str     0x0000000000006d16      0x3da c:/program files/microchip/xc32/v4.50/bin/bin/../../lib/gcc/pic32c/8.3.1/../../../../pic32c/lib/thumb/v7e-m+fp/hard\libg-musl.a(__libc_start_main.o)
 .debug_str     0x00000000000070f0      0x345 c:/program files/microchip/xc32/v4.50/bin/bin/../../lib/gcc/pic32c/8.3.1/../../../../pic32c/lib/thumb/v7e-m+fp/hard\libg-musl.a(libc.o)
 .debug_str     0x0000000000007435      0x341 c:/program files/microchip/xc32/v4.50/bin/bin/../../lib/gcc/pic32c/8.3.1/../../../../pic32c/lib/thumb/v7e-m+fp/hard\libg-musl.a(__sio_snprintf_cdnpsuxX.o)
 .debug_str     0x0000000000007776      0x305 c:/program files/microchip/xc32/v4.50/bin/bin/../../lib/gcc/pic32c/8.3.1/../../../../pic32c/lib/thumb/v7e-m+fp/hard\libg-musl.a(__fmt_d.o)
 .debug_str     0x0000000000007a7b      0x2f1 c:/program files/microchip/xc32/v4.50/bin/bin/../../lib/gcc/pic32c/8.3.1/../../../../pic32c/lib/thumb/v7e-m+fp/hard\libg-musl.a(__fmt_s.o)
 .debug_str     0x0000000000007d6c      0x305 c:/program files/microchip/xc32/v4.50/bin/bin/../../lib/gcc/pic32c/8.3.1/../../../../pic32c/lib/thumb/v7e-m+fp/hard\libg-musl.a(__fmt_u.o)
 .debug_str     0x0000000000008071      0x305 c:/program files/microchip/xc32/v4.50/bin/bin/../../lib/gcc/pic32c/8.3.1/../../../../pic32c/lib/thumb/v7e-m+fp/hard\libg-musl.a(__fmt_x.o)
 .debug_str     0x0000000000008376      0x2db c:/program files/microchip/xc32/v4.50/bin/bin/../../lib/gcc/pic32c/8.3.1/../../../../pic32c/lib/thumb/v7e-m+fp/hard\libg-musl.a(__pop_int.o)
 .debug_str     0x0000000000008651      0x2dd c:/program files/microchip/xc32/v4.50/bin/bin/../../lib/gcc/pic32c/8.3.1/../../../../pic32c/lib/thumb/v7e-m+fp/hard\libg-musl.a(__pop_ptr.o)
 .debug_str     0x000000000000892e      0x3f7 c:/program files/microchip/xc32/v4.50/bin/bin/../../lib/gcc/pic32c/8.3.1/../../../../pic32c/lib/thumb/v7e-m+fp/hard\libg-musl.a(__printf_core.o)
 .debug_str     0x0000000000008d25      0x22c c:/program files/microchip/xc32/v4.50/bin/bin/../../lib/gcc/pic32c/8.3.1/../../../../pic32c/lib/thumb/v7e-m+fp/hard\libg-musl.a(atoi.o)
 .debug_str     0x0000000000008f51      0x259 c:/program files/microchip/xc32/v4.50/bin/bin/../../lib/gcc/pic32c/8.3.1/../../../../pic32c/lib/thumb/v7e-m+fp/hard\libg-musl.a(tolower.o)
 .debug_str     0x00000000000091aa      0x259 c:/program files/microchip/xc32/v4.50/bin/bin/../../lib/gcc/pic32c/8.3.1/../../../../pic32c/lib/thumb/v7e-m+fp/hard\libg-musl.a(toupper.o)
 .debug_str     0x0000000000009403      0x245 c:/program files/microchip/xc32/v4.50/bin/bin/../../lib/gcc/pic32c/8.3.1/../../../../pic32c/lib/thumb/v7e-m+fp/hard\libg-musl.a(__environ.o)
 .debug_str     0x0000000000009648      0x239 c:/program files/microchip/xc32/v4.50/bin/bin/../../lib/gcc/pic32c/8.3.1/../../../../pic32c/lib/thumb/v7e-m+fp/hard\libg-musl.a(__errno_location.o)
 .debug_str     0x0000000000009881      0x304 c:/program files/microchip/xc32/v4.50/bin/bin/../../lib/gcc/pic32c/8.3.1/../../../../pic32c/lib/thumb/v7e-m+fp/hard\libg-musl.a(__int_vsnprintf.o)
 .debug_str     0x0000000000009b85      0x2c1 c:/program files/microchip/xc32/v4.50/bin/bin/../../lib/gcc/pic32c/8.3.1/../../../../pic32c/lib/thumb/v7e-m+fp/hard\libg-musl.a(__cvt_u.o)
 .debug_str     0x0000000000009e46      0x2d0 c:/program files/microchip/xc32/v4.50/bin/bin/../../lib/gcc/pic32c/8.3.1/../../../../pic32c/lib/thumb/v7e-m+fp/hard\libg-musl.a(__pop_float.o)
 .debug_str     0x000000000000a116      0x2f9 c:/program files/microchip/xc32/v4.50/bin/bin/../../lib/gcc/pic32c/8.3.1/../../../../pic32c/lib/thumb/v7e-m+fp/hard\libg-musl.a(__int_vfprintf.o)
 .debug_str     0x000000000000a40f       0xdc c:/program files/microchip/xc32/v4.50/bin/bin/../../lib/gcc/pic32c/8.3.1/thumb/v7e-m+fp/hard\libgcc.a(_aeabi_uldivmod.o)
 .debug_str     0x000000000000a4eb      0x2d3 c:/program files/microchip/xc32/v4.50/bin/bin/../../lib/gcc/pic32c/8.3.1/thumb/v7e-m+fp/hard\libgcc.a(_udivmoddi4.o)
 .debug_str     0x000000000000a7be       0xe0 c:/program files/microchip/xc32/v4.50/bin/bin/../../lib/gcc/pic32c/8.3.1/thumb/v7e-m+fp/hard\libgcc.a(_dvmd_tls.o)
 .debug_str     0x000000000000a89e      0x221 c:/program files/microchip/xc32/v4.50/bin/bin/../../lib/gcc/pic32c/8.3.1/../../../../pic32c/lib/thumb/v7e-m+fp/hard\libc-size-musl.a(memset.o)
 .debug_str     0x000000000000aabf      0x1df c:/program files/microchip/xc32/v4.50/bin/bin/../../lib/gcc/pic32c/8.3.1/../../../../pic32c/lib/thumb/v7e-m+fp/hard\libpic32c.a(pic32_data_init_clear.o)
 .debug_str     0x000000000000ac9e      0x1dd c:/program files/microchip/xc32/v4.50/bin/bin/../../lib/gcc/pic32c/8.3.1/../../../../pic32c/lib/thumb/v7e-m+fp/hard\libpic32c.a(pic32_data_init_copy.o)

.debug_frame    0x0000000000000000     0x1620
 .debug_frame   0x0000000000000000      0x10c build/sam_e51_cnano/debug/_ext/7187140/plib_clock.o
 .debug_frame   0x000000000000010c      0x290 build/sam_e51_cnano/debug/_ext/831021835/plib_dmac.o
 .debug_frame   0x000000000000039c       0xc4 build/sam_e51_cnano/debug/_ext/1220119669/plib_eic.o
 .debug_frame   0x0000000000000460       0x30 build/sam_e51_cnano/debug/_ext/9336626/plib_evsys.o
 .debug_frame   0x0000000000000490      0x114 build/sam_e51_cnano/debug/_ext/830715028/plib_nvic.o
 .debug_frame   0x00000000000005a4      0x2fc build/sam_e51_cnano/debug/_ext/226030394/plib_nvmctrl.o
 .debug_frame   0x00000000000008a0      0x1c0 build/sam_e51_cnano/debug/_ext/830661877/plib_port.o
 .debug_frame   0x0000000000000a60      0x26c build/sam_e51_cnano/debug/_ext/1220132503/plib_rtc_timer.o
 .debug_frame   0x0000000000000ccc      0x1a8 build/sam_e51_cnano/debug/_ext/314480351/plib_sercom5_usart.o
 .debug_frame   0x0000000000000e74       0x34 build/sam_e51_cnano/debug/_ext/570918426/initialization.o
 .debug_frame   0x0000000000000ea8       0x20 build/sam_e51_cnano/debug/_ext/570918426/interrupts.o
 .debug_frame   0x0000000000000ec8       0xa0 build/sam_e51_cnano/debug/_ext/570918426/exceptions.o
 .debug_frame   0x0000000000000f68       0xa8 build/sam_e51_cnano/debug/_ext/570918426/startup_xc32.o
 .debug_frame   0x0000000000001010       0xd8 build/sam_e51_cnano/debug/_ext/1360937237/main.o
 .debug_frame   0x00000000000010e8       0x4c c:/program files/microchip/xc32/v4.50/bin/bin/../../lib/gcc/pic32c/8.3.1/../../../../pic32c/lib/thumb/v7e-m+fp/hard\libpic32c.a(data_init.o)
 .debug_frame   0x0000000000001134       0x2c c:/program files/microchip/xc32/v4.50/bin/bin/../../lib/gcc/pic32c/8.3.1/../../../../pic32c/lib/thumb/v7e-m+fp/hard\libc-size-musl.a(memcpy.o)
 .debug_frame   0x0000000000001160       0x20 c:/program files/microchip/xc32/v4.50/bin/bin/../../lib/gcc/pic32c/8.3.1/../../../../pic32c/lib/thumb/v7e-m+fp/hard\libc-size-musl.a(strlen.o)
 .debug_frame   0x0000000000001180       0x3c c:/program files/microchip/xc32/v4.50/bin/bin/../../lib/gcc/pic32c/8.3.1/../../../../pic32c/lib/thumb/v7e-m+fp/hard\libg-musl.a(__libc_start_main.o)
 .debug_frame   0x00000000000011bc       0x54 c:/program files/microchip/xc32/v4.50/bin/bin/../../lib/gcc/pic32c/8.3.1/../../../../pic32c/lib/thumb/v7e-m+fp/hard\libg-musl.a(__sio_snprintf_cdnpsuxX.o)
 .debug_frame   0x0000000000001210       0x3c c:/program files/microchip/xc32/v4.50/bin/bin/../../lib/gcc/pic32c/8.3.1/../../../../pic32c/lib/thumb/v7e-m+fp/hard\libg-musl.a(__fmt_d.o)
 .debug_frame   0x000000000000124c       0x34 c:/program files/microchip/xc32/v4.50/bin/bin/../../lib/gcc/pic32c/8.3.1/../../../../pic32c/lib/thumb/v7e-m+fp/hard\libg-musl.a(__fmt_s.o)
 .debug_frame   0x0000000000001280       0x34 c:/program files/microchip/xc32/v4.50/bin/bin/../../lib/gcc/pic32c/8.3.1/../../../../pic32c/lib/thumb/v7e-m+fp/hard\libg-musl.a(__fmt_u.o)
 .debug_frame   0x00000000000012b4       0x40 c:/program files/microchip/xc32/v4.50/bin/bin/../../lib/gcc/pic32c/8.3.1/../../../../pic32c/lib/thumb/v7e-m+fp/hard\libg-musl.a(__fmt_x.o)
 .debug_frame   0x00000000000012f4       0x28 c:/program files/microchip/xc32/v4.50/bin/bin/../../lib/gcc/pic32c/8.3.1/../../../../pic32c/lib/thumb/v7e-m+fp/hard\libg-musl.a(__pop_int.o)
 .debug_frame   0x000000000000131c       0x28 c:/program files/microchip/xc32/v4.50/bin/bin/../../lib/gcc/pic32c/8.3.1/../../../../pic32c/lib/thumb/v7e-m+fp/hard\libg-musl.a(__pop_ptr.o)
 .debug_frame   0x0000000000001344       0xd0 c:/program files/microchip/xc32/v4.50/bin/bin/../../lib/gcc/pic32c/8.3.1/../../../../pic32c/lib/thumb/v7e-m+fp/hard\libg-musl.a(__printf_core.o)
 .debug_frame   0x0000000000001414       0x28 c:/program files/microchip/xc32/v4.50/bin/bin/../../lib/gcc/pic32c/8.3.1/../../../../pic32c/lib/thumb/v7e-m+fp/hard\libg-musl.a(atoi.o)
 .debug_frame   0x000000000000143c       0x30 c:/program files/microchip/xc32/v4.50/bin/bin/../../lib/gcc/pic32c/8.3.1/../../../../pic32c/lib/thumb/v7e-m+fp/hard\libg-musl.a(tolower.o)
 .debug_frame   0x000000000000146c       0x30 c:/program files/microchip/xc32/v4.50/bin/bin/../../lib/gcc/pic32c/8.3.1/../../../../pic32c/lib/thumb/v7e-m+fp/hard\libg-musl.a(toupper.o)
 .debug_frame   0x000000000000149c       0x34 c:/program files/microchip/xc32/v4.50/bin/bin/../../lib/gcc/pic32c/8.3.1/../../../../pic32c/lib/thumb/v7e-m+fp/hard\libg-musl.a(__int_vsnprintf.o)
 .debug_frame   0x00000000000014d0       0x38 c:/program files/microchip/xc32/v4.50/bin/bin/../../lib/gcc/pic32c/8.3.1/../../../../pic32c/lib/thumb/v7e-m+fp/hard\libg-musl.a(__cvt_u.o)
 .debug_frame   0x0000000000001508       0x20 c:/program files/microchip/xc32/v4.50/bin/bin/../../lib/gcc/pic32c/8.3.1/../../../../pic32c/lib/thumb/v7e-m+fp/hard\libg-musl.a(__pop_float.o)
 .debug_frame   0x0000000000001528       0x2c c:/program files/microchip/xc32/v4.50/bin/bin/../../lib/gcc/pic32c/8.3.1/../../../../pic32c/lib/thumb/v7e-m+fp/hard\libg-musl.a(__int_vfprintf.o)
 .debug_frame   0x0000000000001554       0x2c c:/program files/microchip/xc32/v4.50/bin/bin/../../lib/gcc/pic32c/8.3.1/thumb/v7e-m+fp/hard\libgcc.a(_aeabi_uldivmod.o)
 .debug_frame   0x0000000000001580       0x38 c:/program files/microchip/xc32/v4.50/bin/bin/../../lib/gcc/pic32c/8.3.1/thumb/v7e-m+fp/hard\libgcc.a(_udivmoddi4.o)
 .debug_frame   0x00000000000015b8       0x20 c:/program files/microchip/xc32/v4.50/bin/bin/../../lib/gcc/pic32c/8.3.1/../../../../pic32c/lib/thumb/v7e-m+fp/hard\libc-size-musl.a(memset.o)
 .debug_frame   0x00000000000015d8       0x20 c:/program files/microchip/xc32/v4.50/bin/bin/../../lib/gcc/pic32c/8.3.1/../../../../pic32c/lib/thumb/v7e-m+fp/hard\libpic32c.a(pic32_data_init_clear.o)
 .debug_frame   0x00000000000015f8       0x28 c:/program files/microchip/xc32/v4.50/bin/bin/../../lib/gcc/pic32c/8.3.1/../../../../pic32c/lib/thumb/v7e-m+fp/hard\libpic32c.a(pic32_data_init_copy.o)

.note.GNU-stack
                0x0000000000000000        0x0
 .note.GNU-stack
                0x0000000000000000        0x0 c:/program files/microchip/xc32/v4.50/bin/bin/../../lib/gcc/pic32c/8.3.1/../../../../pic32c/lib/thumb/v7e-m+fp/hard\libc-size-musl.a(memcpy.o)
 .note.GNU-stack
                0x0000000000000000        0x0 c:/program files/microchip/xc32/v4.50/bin/bin/../../lib/gcc/pic32c/8.3.1/../../../../pic32c/lib/thumb/v7e-m+fp/hard\libc-size-musl.a(strlen.o)
 .note.GNU-stack
                0x0000000000000000        0x0 c:/program files/microchip/xc32/v4.50/bin/bin/../../lib/gcc/pic32c/8.3.1/../../../../pic32c/lib/thumb/v7e-m+fp/hard\libg-musl.a(__libc_start_main.o)
 .note.GNU-stack
                0x0000000000000000        0x0 c:/program files/microchip/xc32/v4.50/bin/bin/../../lib/gcc/pic32c/8.3.1/../../../../pic32c/lib/thumb/v7e-m+fp/hard\libg-musl.a(libc.o)
 .note.GNU-stack
                0x0000000000000000        0x0 c:/program files/microchip/xc32/v4.50/bin/bin/../../lib/gcc/pic32c/8.3.1/../../../../pic32c/lib/thumb/v7e-m+fp/hard\libg-musl.a(__sio_snprintf_cdnpsuxX.o)
 .note.GNU-stack
                0x0000000000000000        0x0 c:/program files/microchip/xc32/v4.50/bin/bin/../../lib/gcc/pic32c/8.3.1/../../../../pic32c/lib/thumb/v7e-m+fp/hard\libg-musl.a(__fmt_d.o)
 .note.GNU-stack
                0x0000000000000000        0x0 c:/program files/microchip/xc32/v4.50/bin/bin/../../lib/gcc/pic32c/8.3.1/../../../../pic32c/lib/thumb/v7e-m+fp/hard\libg-musl.a(__fmt_s.o)
 .note.GNU-stack
                0x0000000000000000        0x0 c:/program files/microchip/xc32/v4.50/bin/bin/../../lib/gcc/pic32c/8.3.1/../../../../pic32c/lib/thumb/v7e-m+fp/hard\libg-musl.a(__fmt_u.o)
 .note.GNU-stack
                0x0000000000000000        0x0 c:/program files/microchip/xc32/v4.50/bin/bin/../../lib/gcc/pic32c/8.3.1/../../../../pic32c/lib/thumb/v7e-m+fp/hard\libg-musl.a(__fmt_x.o)
 .note.GNU-stack
                0x0000000000000000        0x0 c:/program files/microchip/xc32/v4.50/bin/bin/../../lib/gcc/pic32c/8.3.1/../../../../pic32c/lib/thumb/v7e-m+fp/hard\libg-musl.a(__pop_int.o)
 .note.GNU-stack
                0x0000000000000000        0x0 c:/program files/microchip/xc32/v4.50/bin/bin/../../lib/gcc/pic32c/8.3.1/../../../../pic32c/lib/thumb/v7e-m+fp/hard\libg-musl.a(__pop_ptr.o)
 .note.GNU-stack
                0x0000000000000000        0x0 c:/program files/microchip/xc32/v4.50/bin/bin/../../lib/gcc/pic32c/8.3.1/../../../../pic32c/lib/thumb/v7e-m+fp/hard\libg-musl.a(__printf_core.o)
 .note.GNU-stack
                0x0000000000000000        0x0 c:/program files/microchip/xc32/v4.50/bin/bin/../../lib/gcc/pic32c/8.3.1/../../../../pic32c/lib/thumb/v7e-m+fp/hard\libg-musl.a(atoi.o)
 .note.GNU-stack
                0x0000000000000000        0x0 c:/program files/microchip/xc32/v4.50/bin/bin/../../lib/gcc/pic32c/8.3.1/../../../../pic32c/lib/thumb/v7e-m+fp/hard\libg-musl.a(tolower.o)
 .note.GNU-stack
                0x0000000000000000        0x0 c:/program files/microchip/xc32/v4.50/bin/bin/../../lib/gcc/pic32c/8.3.1/../../../../pic32c/lib/thumb/v7e-m+fp/hard\libg-musl.a(toupper.o)
 .note.GNU-stack
                0x0000000000000000        0x0 c:/program files/microchip/xc32/v4.50/bin/bin/../../lib/gcc/pic32c/8.3.1/../../../../pic32c/lib/thumb/v7e-m+fp/hard\libg-musl.a(__environ.o)
 .note.GNU-stack
                0x0000000000000000        0x0 c:/program files/microchip/xc32/v4.50/bin/bin/../../lib/gcc/pic32c/8.3.1/../../../../pic32c/lib/thumb/v7e-m+fp/hard\libg-musl.a(__errno_location.o)
 .note.GNU-stack
                0x0000000000000000        0x0 c:/program files/microchip/xc32/v4.50/bin/bin/../../lib/gcc/pic32c/8.3.1/../../../../pic32c/lib/thumb/v7e-m+fp/hard\libg-musl.a(__int_vsnprintf.o)
 .note.GNU-stack
                0x0000000000000000        0x0 c:/program files/microchip/xc32/v4.50/bin/bin/../../lib/gcc/pic32c/8.3.1/../../../../pic32c/lib/thumb/v7e-m+fp/hard\libg-musl.a(__cvt_u.o)
 .note.GNU-stack
                0x0000000000000000        0x0 c:/program files/microchip/xc32/v4.50/bin/bin/../../lib/gcc/pic32c/8.3.1/../../../../pic32c/lib/thumb/v7e-m+fp/hard\libg-musl.a(__pop_float.o)
 .note.GNU-stack
                0x0000000000000000        0x0 c:/program files/microchip/xc32/v4.50/bin/bin/../../lib/gcc/pic32c/8.3.1/../../../../pic32c/lib/thumb/v7e-m+fp/hard\libg-musl.a(__int_vfprintf.o)
 .note.GNU-stack
                0x0000000000000000        0x0 c:/program files/microchip/xc32/v4.50/bin/bin/../../lib/gcc/pic32c/8.3.1/../../../../pic32c/lib/thumb/v7e-m+fp/hard\libc-size-musl.a(memset.o)

.stack          0x0000000020000800      0x100
 .stack         0x0000000020000800      0x100 stack

.bss.uartTxBuffer%1
                0x0000000020000010      0x3e8
 .bss.uartTxBuffer
                0x0000000020000010      0x3e8 build/sam_e51_cnano/debug/_ext/1360937237/main.o

.bss.eicCallbackObject%2
                0x00000000200003f8       0xc0
 .bss.eicCallbackObject
                0x00000000200003f8       0xc0 build/sam_e51_cnano/debug/_ext/1220119669/plib_eic.o

.bss%3          0x00000000200004b8       0x50
 .bss           0x00000000200004b8       0x50 c:/program files/microchip/xc32/v4.50/bin/bin/../../lib/gcc/pic32c/8.3.1/../../../../pic32c/lib/thumb/v7e-m+fp/hard\libg-musl.a(libc.o)
                0x00000000200004b8                __progname_full
                0x00000000200004b8                program_invocation_name
                0x00000000200004bc                program_invocation_short_name
                0x00000000200004bc                __progname
                0x00000000200004c0                __sysinfo
                0x00000000200004c4                __hwcap
                0x00000000200004c8                __libc

.bss%4          0x0000000020000508       0x1c
 .bss           0x0000000020000508       0x1c c:/program files/microchip/xc32/v4.50/bin/bin/../../lib/gcc/pic32c/8.3.1/thumb/v7e-m+fp/hard/crtbegin.o

.bss._write_back_section%5
                0x0000000020000528       0x10
 .bss._write_back_section
                0x0000000020000528       0x10 build/sam_e51_cnano/debug/_ext/831021835/plib_dmac.o

.bss.descriptor_section%6
                0x0000000020000538       0x10
 .bss.descriptor_section
                0x0000000020000538       0x10 build/sam_e51_cnano/debug/_ext/831021835/plib_dmac.o

.bss.rtcObj%7   0x0000000020000548        0xc
 .bss.rtcObj    0x0000000020000548        0xc build/sam_e51_cnano/debug/_ext/1220132503/plib_rtc_timer.o

.bss%8          0x0000000020000524        0x4
 .bss           0x0000000020000524        0x4 c:/program files/microchip/xc32/v4.50/bin/bin/../../lib/gcc/pic32c/8.3.1/../../../../pic32c/lib/thumb/v7e-m+fp/hard\libpic32c.a(data_init.o)

.bss%9          0x0000000020000554        0x4
 .bss           0x0000000020000554        0x4 c:/program files/microchip/xc32/v4.50/bin/bin/../../lib/gcc/pic32c/8.3.1/../../../../pic32c/lib/thumb/v7e-m+fp/hard\libg-musl.a(__environ.o)
                0x0000000020000554                __environ
                0x0000000020000554                environ
                0x0000000020000554                ___environ
                0x0000000020000554                _environ

.bss%10         0x0000000020000558        0x4
 .bss           0x0000000020000558        0x4 c:/program files/microchip/xc32/v4.50/bin/bin/../../lib/gcc/pic32c/8.3.1/../../../../pic32c/lib/thumb/v7e-m+fp/hard\libg-musl.a(__errno_location.o)
                0x0000000020000558                __errno_val

.bss.isRTCExpired%11
                0x000000002000055c        0x1
 .bss.isRTCExpired
                0x000000002000055c        0x1 build/sam_e51_cnano/debug/_ext/1360937237/main.o

.data.tc%12     0x0000000020000560       0x50
 .data.tc       0x0000000020000560       0x50 build/sam_e51_cnano/debug/_ext/1360937237/main.o

.data%13        0x00000000200005b0       0x28
 .data          0x00000000200005b0       0x28 build/sam_e51_cnano/debug/_ext/1360937237/asmFunc.o
                0x00000000200005b0                nameStr
                0x00000000200005c0                nameStrPtr
                0x00000000200005c4                dividend
                0x00000000200005c8                divisor
                0x00000000200005cc                quotient
                0x00000000200005d0                mod
                0x00000000200005d4                we_have_a_problem

.data.pass%14   0x00000000200005d8        0x4
 .data.pass     0x00000000200005d8        0x4 build/sam_e51_cnano/debug/_ext/1360937237/main.o

.data.fail%15   0x00000000200005dc        0x4
 .data.fail     0x00000000200005dc        0x4 build/sam_e51_cnano/debug/_ext/1360937237/main.o

.data.isUSARTTxComplete%16
                0x000000002000055d        0x1
 .data.isUSARTTxComplete
                0x000000002000055d        0x1 build/sam_e51_cnano/debug/_ext/1360937237/main.o

.eh_frame%z1    0x0000000000000000        0x0
 .eh_frame      0x0000000000000000        0x0 c:/program files/microchip/xc32/v4.50/bin/bin/../../lib/gcc/pic32c/8.3.1/thumb/v7e-m+fp/hard/crtbegin.o

.config_00804008.__config_00804008%17
                0x0000000000804008        0x4
 .config_00804008.__config_00804008
                0x0000000000804008        0x4 build/sam_e51_cnano/debug/_ext/570918426/initialization.o
                0x0000000000804008                __config_00804008

.config_00804004.__config_00804004%18
                0x0000000000804004        0x4
 .config_00804004.__config_00804004
                0x0000000000804004        0x4 build/sam_e51_cnano/debug/_ext/570918426/initialization.o
                0x0000000000804004                __config_00804004

.config_00804000.__config_00804000%19
                0x0000000000804000        0x4
 .config_00804000.__config_00804000
                0x0000000000804000        0x4 build/sam_e51_cnano/debug/_ext/570918426/initialization.o
                0x0000000000804000                __config_00804000

.rodata%20      0x0000000000000288      0x4a0
 .rodata        0x0000000000000288      0x4a0 build/sam_e51_cnano/debug/_ext/1360937237/main.o

.text.__printf_core%21
                0x0000000000000728      0x308
 .text.__printf_core
                0x0000000000000728      0x308 c:/program files/microchip/xc32/v4.50/bin/bin/../../lib/gcc/pic32c/8.3.1/../../../../pic32c/lib/thumb/v7e-m+fp/hard\libg-musl.a(__printf_core.o)
                0x0000000000000728                __printf_core

.text%22        0x0000000000000a30      0x2bc
 .text          0x0000000000000a30      0x2bc c:/program files/microchip/xc32/v4.50/bin/bin/../../lib/gcc/pic32c/8.3.1/thumb/v7e-m+fp/hard\libgcc.a(_udivmoddi4.o)
                0x0000000000000a30                __udivmoddi4

.text.testResult%23
                0x0000000000000cec      0x28c
 .text.testResult
                0x0000000000000cec      0x28c build/sam_e51_cnano/debug/_ext/1360937237/main.o

.text.main%24   0x0000000000000f78      0x1f4
 .text.main     0x0000000000000f78      0x1f4 build/sam_e51_cnano/debug/_ext/1360937237/main.o
                0x0000000000000f78                main

.text.DMAC_ChannelTransfer%25
                0x000000000000116c      0x158
 .text.DMAC_ChannelTransfer
                0x000000000000116c      0x158 build/sam_e51_cnano/debug/_ext/831021835/plib_dmac.o
                0x000000000000116c                DMAC_ChannelTransfer

.dinit%26       0x00000000000012c4      0x140
 .dinit         0x00000000000012c4      0x140 data_init

.text.__fmt_x%27
                0x0000000000001404      0x124
 .text.__fmt_x  0x0000000000001404      0x124 c:/program files/microchip/xc32/v4.50/bin/bin/../../lib/gcc/pic32c/8.3.1/../../../../pic32c/lib/thumb/v7e-m+fp/hard\libg-musl.a(__fmt_x.o)
                0x0000000000001404                __fmt_x_needed
                0x0000000000001404                __fmt_x

.text.EIC_Initialize%28
                0x0000000000001528      0x104
 .text.EIC_Initialize
                0x0000000000001528      0x104 build/sam_e51_cnano/debug/_ext/1220119669/plib_eic.o
                0x0000000000001528                EIC_Initialize

.text.__pop_int%29
                0x000000000000162c       0xac
 .text.__pop_int
                0x000000000000162c       0xac c:/program files/microchip/xc32/v4.50/bin/bin/../../lib/gcc/pic32c/8.3.1/../../../../pic32c/lib/thumb/v7e-m+fp/hard\libg-musl.a(__pop_int.o)
                0x000000000000162c                __pop_int_needed
                0x000000000000162c                __pop_int

.text.__fmt_d%30
                0x00000000000016d8       0xa8
 .text.__fmt_d  0x00000000000016d8       0xa8 c:/program files/microchip/xc32/v4.50/bin/bin/../../lib/gcc/pic32c/8.3.1/../../../../pic32c/lib/thumb/v7e-m+fp/hard\libg-musl.a(__fmt_d.o)
                0x00000000000016d8                __fmt_d
                0x00000000000016d8                __fmt_d_needed

.text.DMAC_Initialize%31
                0x0000000000001780       0xa0
 .text.DMAC_Initialize
                0x0000000000001780       0xa0 build/sam_e51_cnano/debug/_ext/831021835/plib_dmac.o
                0x0000000000001780                DMAC_Initialize

.text._DMAC_interruptHandler%32
                0x0000000000001820       0x9c
 .text._DMAC_interruptHandler
                0x0000000000001820       0x9c build/sam_e51_cnano/debug/_ext/831021835/plib_dmac.o
                0x0000000000001820                _DMAC_interruptHandler

.text.printGlobalAddresses%33
                0x00000000000018bc       0x8c
 .text.printGlobalAddresses
                0x00000000000018bc       0x8c build/sam_e51_cnano/debug/_ext/1360937237/main.o

.text.__pad%34  0x0000000000001948       0x84
 .text.__pad    0x0000000000001948       0x84 c:/program files/microchip/xc32/v4.50/bin/bin/../../lib/gcc/pic32c/8.3.1/../../../../pic32c/lib/thumb/v7e-m+fp/hard\libg-musl.a(__printf_core.o)
                0x0000000000001948                __pad

.text.__pop_ptr%35
                0x00000000000019cc       0x7c
 .text.__pop_ptr
                0x00000000000019cc       0x7c c:/program files/microchip/xc32/v4.50/bin/bin/../../lib/gcc/pic32c/8.3.1/../../../../pic32c/lib/thumb/v7e-m+fp/hard\libg-musl.a(__pop_ptr.o)
                0x00000000000019cc                __pop_ptr
                0x00000000000019cc                __pop_ptr_needed

.text.__cvt_u%36
                0x0000000000001a48       0x78
 .text.__cvt_u  0x0000000000001a48       0x78 c:/program files/microchip/xc32/v4.50/bin/bin/../../lib/gcc/pic32c/8.3.1/../../../../pic32c/lib/thumb/v7e-m+fp/hard\libg-musl.a(__cvt_u.o)
                0x0000000000001a48                __cvt_u

.text.CLOCK_Initialize%37
                0x0000000000001ac0       0x74
 .text.CLOCK_Initialize
                0x0000000000001ac0       0x74 build/sam_e51_cnano/debug/_ext/7187140/plib_clock.o
                0x0000000000001ac0                CLOCK_Initialize

.text%38        0x0000000000001b34       0x70
 .text          0x0000000000001b34       0x70 build/sam_e51_cnano/debug/_ext/1360937237/asmFunc.o
                0x0000000000001b34                asmFunc

.text.FDPLL0_Initialize%39
                0x0000000000001ba4       0x6c
 .text.FDPLL0_Initialize
                0x0000000000001ba4       0x6c build/sam_e51_cnano/debug/_ext/7187140/plib_clock.o

.text.RTC_Initialize%40
                0x0000000000001c10       0x60
 .text.RTC_Initialize
                0x0000000000001c10       0x60 build/sam_e51_cnano/debug/_ext/1220132503/plib_rtc_timer.o
                0x0000000000001c10                RTC_Initialize

.text.__libc_start_init%41
                0x0000000000001c70       0x5c
 .text.__libc_start_init
                0x0000000000001c70       0x5c c:/program files/microchip/xc32/v4.50/bin/bin/../../lib/gcc/pic32c/8.3.1/../../../../pic32c/lib/thumb/v7e-m+fp/hard\libg-musl.a(__libc_start_main.o)
                0x0000000000001c70                __libc_init_array

.text.Reset_Handler%42
                0x0000000000001ccc       0x58
 .text.Reset_Handler
                0x0000000000001ccc       0x58 build/sam_e51_cnano/debug/_ext/570918426/startup_xc32.o
                0x0000000000001ccc                Reset_Handler

.text.__fmt_s%43
                0x0000000000001d24       0x58
 .text.__fmt_s  0x0000000000001d24       0x58 c:/program files/microchip/xc32/v4.50/bin/bin/../../lib/gcc/pic32c/8.3.1/../../../../pic32c/lib/thumb/v7e-m+fp/hard\libg-musl.a(__fmt_s.o)
                0x0000000000001d24                __fmt_s
                0x0000000000001d24                __fmt_0_needed
                0x0000000000001d24                __fmt_s_needed

.text.__fmt_u%44
                0x0000000000001d7c       0x56
 .text.__fmt_u  0x0000000000001d7c       0x56 c:/program files/microchip/xc32/v4.50/bin/bin/../../lib/gcc/pic32c/8.3.1/../../../../pic32c/lib/thumb/v7e-m+fp/hard\libg-musl.a(__fmt_u.o)
                0x0000000000001d7c                __fmt_u_needed
                0x0000000000001d7c                __fmt_u

.text.__NVIC_SetPriority%45
                0x0000000000001dd4       0x54
 .text.__NVIC_SetPriority
                0x0000000000001dd4       0x54 build/sam_e51_cnano/debug/_ext/830715028/plib_nvic.o

.text.__vsnprintf%46
                0x0000000000001e28       0x50
 .text.__vsnprintf
                0x0000000000001e28       0x50 c:/program files/microchip/xc32/v4.50/bin/bin/../../lib/gcc/pic32c/8.3.1/../../../../pic32c/lib/thumb/v7e-m+fp/hard\libg-musl.a(__int_vsnprintf.o)
                0x0000000000001e28                __vsnprintf

.text.SERCOM5_USART_Initialize%47
                0x0000000000001e78       0x4c
 .text.SERCOM5_USART_Initialize
                0x0000000000001e78       0x4c build/sam_e51_cnano/debug/_ext/314480351/plib_sercom5_usart.o
                0x0000000000001e78                SERCOM5_USART_Initialize

.text.__NVIC_SetPriorityGrouping%48
                0x0000000000001ec4       0x48
 .text.__NVIC_SetPriorityGrouping
                0x0000000000001ec4       0x48 build/sam_e51_cnano/debug/_ext/830715028/plib_nvic.o

.text.atoi%49   0x0000000000001f0c       0x46
 .text.atoi     0x0000000000001f0c       0x46 c:/program files/microchip/xc32/v4.50/bin/bin/../../lib/gcc/pic32c/8.3.1/../../../../pic32c/lib/thumb/v7e-m+fp/hard\libg-musl.a(atoi.o)
                0x0000000000001f0c                atoi

.text.GCLK0_Initialize%50
                0x0000000000001f54       0x44
 .text.GCLK0_Initialize
                0x0000000000001f54       0x44 build/sam_e51_cnano/debug/_ext/7187140/plib_clock.o

.text.PORT_Initialize%51
                0x0000000000001f98       0x44
 .text.PORT_Initialize
                0x0000000000001f98       0x44 build/sam_e51_cnano/debug/_ext/830661877/plib_port.o
                0x0000000000001f98                PORT_Initialize

.text.FPU_Enable%52
                0x0000000000001fdc       0x44
 .text.FPU_Enable
                0x0000000000001fdc       0x44 build/sam_e51_cnano/debug/_ext/570918426/startup_xc32.o

.text%53        0x0000000000002020       0x40
 .text          0x0000000000002020       0x40 c:/program files/microchip/xc32/v4.50/bin/bin/../../lib/gcc/pic32c/8.3.1/thumb/v7e-m+fp/hard/crtbegin.o

.text.ICache_Enable%54
                0x0000000000002060       0x40
 .text.ICache_Enable
                0x0000000000002060       0x40 build/sam_e51_cnano/debug/_ext/570918426/startup_xc32.o

.text.NVIC_Initialize%55
                0x00000000000020a0       0x3e
 .text.NVIC_Initialize
                0x00000000000020a0       0x3e build/sam_e51_cnano/debug/_ext/830715028/plib_nvic.o
                0x00000000000020a0                NVIC_Initialize

.text.DMAC_ChannelCallbackRegister%56
                0x00000000000020e0       0x3c
 .text.DMAC_ChannelCallbackRegister
                0x00000000000020e0       0x3c build/sam_e51_cnano/debug/_ext/831021835/plib_dmac.o
                0x00000000000020e0                DMAC_ChannelCallbackRegister

.text.__NVIC_EnableIRQ%57
                0x000000000000211c       0x3c
 .text.__NVIC_EnableIRQ